******************************************************************************
                  TI ARM Linker PC v18.12.2                    
******************************************************************************
>> Linked Tue Jun 16 17:21:40 2020

OUTPUT FILE NAME:   <iot.out>
ENTRY POINT SYMBOL: "_c_int00_noargs"  address: 00006e09


MEMORY CONFIGURATION

         name            origin    length      used     unused   attr    fill
----------------------  --------  ---------  --------  --------  ----  --------
  FLASH                 00000000   00040000  00006fc6  0003903a  R  X
  SRAM                  20000000   00008000  00001198  00006e68  RW X


SEGMENT ALLOCATION MAP

run origin  load origin   length   init length attrs members
----------  ----------- ---------- ----------- ----- -------
00000000    00000000    00006fc8   00006fc8    r-x
  00000000    00000000    0000026c   0000026c    r-- .intvecs
  0000026c    0000026c    00006d14   00006d14    r-x .text
  00006f80    00006f80    00000006   00000006    r-- .const
  00006f88    00006f88    00000040   00000040    r-- .cinit
20000000    20000000    00001198   00000000    rw-
  20000000    20000000    00001000   00000000    rw- .stack
  20001000    20001000    0000017c   00000000    rw- .bss
  2000117c    2000117c    0000001c   00000000    rw- .data


SECTION ALLOCATION MAP

 output                                  attributes/
section   page    origin      length       input sections
--------  ----  ----------  ----------   ----------------
.intvecs   0    00000000    0000026c     
                  00000000    0000026c     tm4c123gh6pm_startup_ccs.obj (.intvecs)

.text      0    0000026c    00006d14     
                  0000026c    000031bc     eth0.obj (.text)
                  00003428    00000f74     ethernet.obj (.text)
                  0000439c    00000a4e     rtsv7M4_T_le_v4SPD16_eabi.lib : _printfi.c.obj (.text:__TI_printfi)
                  00004dea    00000002                                   : div0.asm.obj (.text)
                  00004dec    000007c0     gpio.obj (.text)
                  000055ac    00000338     timer.obj (.text)
                  000058e4    00000270     rtsv7M4_T_le_v4SPD16_eabi.lib : _printfi.c.obj (.text:_pconv_a)
                  00005b54    000001d0                                   : _printfi.c.obj (.text:_pconv_g)
                  00005d24    000001b6                                   : fd_add_t2.asm.obj (.text)
                  00005eda    00000002     --HOLE-- [fill = 0]
                  00005edc    0000017c     uart0.obj (.text)
                  00006058    00000160     spi0.obj (.text)
                  000061b8    0000013c     rtsv7M4_T_le_v4SPD16_eabi.lib : _printfi.c.obj (.text:_pconv_e)
                  000062f4    00000136                                   : fd_div_t2.asm.obj (.text)
                  0000642a    00000002     --HOLE-- [fill = 0]
                  0000642c    00000124                                   : _printfi.c.obj (.text:fcvt)
                  00006550    00000110                                   : s_scalbn.c.obj (.text:scalbn)
                  00006660    000000fc                                   : fd_mul_t2.asm.obj (.text)
                  0000675c    000000b1                                   : _printfi.c.obj (.text:_ltostr)
                  0000680d    00000001     --HOLE-- [fill = 0]
                  0000680e    0000009c                                   : memcpy_t2.asm.obj (.text)
                  000068aa    00000096                                   : ull_div_t2.asm.obj (.text)
                  00006940    00000086                                   : fd_cmp_t2.asm.obj (.text:__aeabi_cdcmple)
                  000069c6    00000086                                   : fd_cmp_t2.asm.obj (.text:__aeabi_cdrcmple)
                  00006a4c    0000007a                                   : memset_t2.asm.obj (.text)
                  00006ac6    0000006e                                   : _printfi.c.obj (.text:_mcpy)
                  00006b34    00000068                                   : copy_decompress_lzss.c.obj (.text:decompress:lzss:__TI_decompress_lzss)
                  00006b9c    00000064                                   : s_frexp.c.obj (.text:frexp)
                  00006c00    00000056                                   : _printfi.c.obj (.text:_pconv_f)
                  00006c56    00000054                                   : ltoa.c.obj (.text:ltoa)
                  00006caa    00000052                                   : _printfi.c.obj (.text:_ecpy)
                  00006cfc    00000048                                   : fd_toi_t2.asm.obj (.text)
                  00006d44    00000044                                   : autoinit.c.obj (.text:__TI_auto_init_nobinit_nopinit:__TI_auto_init_nobinit_nopinit)
                  00006d88    00000040                                   : sprintf.c.obj (.text:sprintf)
                  00006dc8    0000003e                                   : _printfi.c.obj (.text:_fcpy)
                  00006e06    00000002     --HOLE-- [fill = 0]
                  00006e08    00000034                                   : boot_cortex_m.c.obj (.text:_c_int00_noargs:_c_int00_noargs)
                  00006e3c    0000002e                                   : i_tofd_t2.asm.obj (.text)
                  00006e6a    00000024     wait.obj (.text)
                  00006e8e    0000001c     rtsv7M4_T_le_v4SPD16_eabi.lib : copy_zero_init.c.obj (.text:decompress:ZI:__TI_zero_init_nomemset:__TI_zero_init_nomemset)
                  00006eaa    0000001c                                   : memccpy.c.obj (.text:memccpy)
                  00006ec6    0000001a                                   : s_copysign.c.obj (.text:copysign)
                  00006ee0    00000018                                   : sprintf.c.obj (.text:_outs)
                  00006ef8    00000018                                   : strcmp.c.obj (.text:strcmp)
                  00006f10    00000016                                   : strchr.c.obj (.text:strchr)
                  00006f26    00000014                                   : strlen.c.obj (.text:strlen)
                  00006f3a    00000012                                   : wcslen.c.obj (.text:wcslen)
                  00006f4c    0000000e                                   : copy_decompress_none.c.obj (.text:decompress:none:__TI_decompress_none)
                  00006f5a    0000000c     tm4c123gh6pm_startup_ccs.obj (.text)
                  00006f66    0000000a     rtsv7M4_T_le_v4SPD16_eabi.lib : sprintf.c.obj (.text:_outc)
                  00006f70    00000008                                   : errno.c.obj (.text:__aeabi_errno_addr)
                  00006f78    00000004                                   : pre_init.c.obj (.text:_system_pre_init)
                  00006f7c    00000004                                   : exit.c.obj (.text:abort:abort)

.const     0    00006f80    00000006     
                  00006f80    00000006     eth0.obj (.const:.string:$P$T0$1)

.cinit     0    00006f88    00000040     
                  00006f88    00000016     (.cinit..data.load) [load image, compression = lzss]
                  00006f9e    00000002     --HOLE-- [fill = 0]
                  00006fa0    0000000c     (__TI_handler_table)
                  00006fac    00000004     --HOLE-- [fill = 0]
                  00006fb0    00000008     (.cinit..bss.load) [load image, compression = zero_init]
                  00006fb8    00000010     (__TI_cinit_table)

.init_array 
*          0    00000000    00000000     UNINITIALIZED

.bss       0    20001000    0000017c     UNINITIALIZED
                  20001000    000000ba     (.common:shell1)
                  200010ba    00000001     (.common:state)
                  200010bb    00000001     --HOLE--
                  200010bc    00000028     (.common:dhcpoffer)
                  200010e4    00000028     (.common:fn)
                  2000110c    00000028     (.common:period)
                  20001134    00000028     (.common:ticks)
                  2000115c    0000000c     (.common:dhcpack)
                  20001168    0000000c     (.common:reload)
                  20001174    00000004     (.common:payloadSize)
                  20001178    00000004     (.common:sum)

.data      0    2000117c    0000001c     UNINITIALIZED
                  2000117c    00000006     eth0.obj (.data:macAddress)
                  20001182    00000004     eth0.obj (.data)
                  20001186    00000004     eth0.obj (.data:ipAddress)
                  2000118a    00000004     eth0.obj (.data:ipGwAddress)
                  2000118e    00000004     eth0.obj (.data:ipSubnetMask)
                  20001192    00000002     ethernet.obj (.data)
                  20001194    00000004     rtsv7M4_T_le_v4SPD16_eabi.lib : errno.c.obj (.data)

.stack     0    20000000    00001000     UNINITIALIZED
                  20000000    00000004     rtsv7M4_T_le_v4SPD16_eabi.lib : boot_cortex_m.c.obj (.stack)
                  20000004    00000ffc     --HOLE--

MODULE SUMMARY

       Module                         code    ro data   rw data
       ------                         ----    -------   -------
    .\
       eth0.obj                       12732   6         82     
       ethernet.obj                   3956    0         189    
       gpio.obj                       1984    0         0      
       timer.obj                      824     0         132    
       tm4c123gh6pm_startup_ccs.obj   12      620       0      
       uart0.obj                      380     0         0      
       spi0.obj                       352     0         0      
       wait.obj                       36      0         0      
    +--+------------------------------+-------+---------+---------+
       Total:                         20276   626       403    
                                                               
    S:\CSS\ccs\tools\compiler\ti-cgt-arm_18.12.2.LTS\lib\rtsv7M4_T_le_v4SPD16_eabi.lib
       _printfi.c.obj                 4851    0         0      
       fd_add_t2.asm.obj              438     0         0      
       fd_div_t2.asm.obj              310     0         0      
       s_scalbn.c.obj                 272     0         0      
       fd_cmp_t2.asm.obj              268     0         0      
       fd_mul_t2.asm.obj              252     0         0      
       memcpy_t2.asm.obj              156     0         0      
       ull_div_t2.asm.obj             150     0         0      
       memset_t2.asm.obj              122     0         0      
       copy_decompress_lzss.c.obj     104     0         0      
       s_frexp.c.obj                  100     0         0      
       sprintf.c.obj                  98      0         0      
       ltoa.c.obj                     84      0         0      
       fd_toi_t2.asm.obj              72      0         0      
       autoinit.c.obj                 68      0         0      
       boot_cortex_m.c.obj            52      0         0      
       i_tofd_t2.asm.obj              46      0         0      
       copy_zero_init.c.obj           28      0         0      
       memccpy.c.obj                  28      0         0      
       s_copysign.c.obj               26      0         0      
       strcmp.c.obj                   24      0         0      
       strchr.c.obj                   22      0         0      
       strlen.c.obj                   20      0         0      
       wcslen.c.obj                   18      0         0      
       copy_decompress_none.c.obj     14      0         0      
       errno.c.obj                    8       0         4      
       exit.c.obj                     4       0         0      
       pre_init.c.obj                 4       0         0      
       div0.asm.obj                   2       0         0      
    +--+------------------------------+-------+---------+---------+
       Total:                         7641    0         4      
                                                               
       Stack:                         0       0         4096   
       Linker Generated:              0       58        0      
    +--+------------------------------+-------+---------+---------+
       Grand Total:                   27917   684       4503   


LINKER GENERATED COPY TABLES

__TI_cinit_table @ 00006fb8 records: 2, size/record: 8, table size: 16
	.data: load addr=00006f88, load size=00000016 bytes, run addr=2000117c, run size=0000001c bytes, compression=lzss
	.bss: load addr=00006fb0, load size=00000008 bytes, run addr=20001000, run size=0000017c bytes, compression=zero_init


LINKER GENERATED HANDLER TABLE

__TI_handler_table @ 00006fa0 records: 3, size/record: 4, table size: 12
	index: 0, handler: __TI_decompress_lzss
	index: 1, handler: __TI_decompress_none
	index: 2, handler: __TI_zero_init


GLOBAL SYMBOLS: SORTED ALPHABETICALLY BY Name 

address   name                          
-------   ----                          
00006f7d  C$$EXIT                       
00006f5b  ResetISR                      
20001000  __STACK_END                   
00001000  __STACK_SIZE                  
20000200  __STACK_TOP                   
00006fb8  __TI_CINIT_Base               
00006fc8  __TI_CINIT_Limit              
00006fa0  __TI_Handler_Table_Base       
00006fac  __TI_Handler_Table_Limit      
00006d45  __TI_auto_init_nobinit_nopinit
00006b35  __TI_decompress_lzss          
00006f4d  __TI_decompress_none          
ffffffff  __TI_pprof_out_hndl           
0000439d  __TI_printfi                  
ffffffff  __TI_prof_data_size           
ffffffff  __TI_prof_data_start          
00000000  __TI_static_base__            
00006e8f  __TI_zero_init_nomemset       
00006941  __aeabi_cdcmpeq               
00006941  __aeabi_cdcmple               
000069c7  __aeabi_cdrcmple              
00006cfd  __aeabi_d2iz                  
00005d2f  __aeabi_dadd                  
000062f5  __aeabi_ddiv                  
00006661  __aeabi_dmul                  
00005d25  __aeabi_dsub                  
00006f71  __aeabi_errno_addr            
00006e3d  __aeabi_i2d                   
00004deb  __aeabi_idiv0                 
00004deb  __aeabi_ldiv0                 
00006a4d  __aeabi_memclr                
00006a4d  __aeabi_memclr4               
00006a4d  __aeabi_memclr8               
0000680f  __aeabi_memcpy                
0000680f  __aeabi_memcpy4               
0000680f  __aeabi_memcpy8               
00006a4f  __aeabi_memset                
00006a4f  __aeabi_memset4               
00006a4f  __aeabi_memset8               
000068ab  __aeabi_uldivmod              
ffffffff  __binit__                     
ffffffff  __c_args__                    
UNDEFED   __mpu_init                    
20000000  __stack                       
00006e09  _c_int00_noargs               
UNDEFED   _system_post_cinit            
00006f79  _system_pre_init              
00006f7d  abort                         
00003a1d  atoi                          
ffffffff  binit                         
00003acf  cb_discover                   
00003b09  cb_init                       
00003af1  cb_rebind                     
00003adf  cb_renew                      
00003ad7  cb_request                    
00003893  cmp                           
000020b1  collectDHCPack                
00001885  collectDHCPoffer              
00006ec7  copysign                      
00006ec7  copysignl                     
20001185  dhcpEnabled                   
2000115c  dhcpack                       
200010bc  dhcpoffer                     
0000541d  disablePinInterrupt           
00005155  disablePinPulldown            
0000510d  disablePinPullup              
00004ea9  disablePort                   
0000345f  displayConnectionInfo         
000053f9  enablePinInterrupt            
00005131  enablePinPulldown             
000050df  enablePinPullup               
00004ded  enablePort                    
20001194  errno                         
00000939  etherCalcIpChecksum           
0000032b  etherClearReg                 
00000283  etherCsOff                    
0000026d  etherCsOn                     
000011f9  etherDisableDhcpMode          
000011f1  etherEnableDhcpMode           
000011db  etherGetId                    
00001271  etherGetIpAddress             
00001355  etherGetIpGatewayAddress      
000012e3  etherGetIpSubnetMask          
000013d1  etherGetMacAddress            
000006a5  etherGetPacket                
00000fe9  etherGetUdpData               
000011e7  etherIncId                    
00000477  etherInit                     
00000bfb  etherIsArpRequest             
00000ca3  etherIsArpResponse            
0000065b  etherIsDataAvailable          
00001201  etherIsDhcpEnabled            
000009c9  etherIsIp                     
00000a33  etherIsIpUnicast              
0000120d  etherIsIpValid                
00000641  etherIsLinkUp                 
00000675  etherIsOverflow               
00000a9b  etherIsPingRequest            
00000f43  etherIsUdp                    
00000791  etherPutPacket                
0000045f  etherReadMem                  
0000044d  etherReadMemStart             
0000046f  etherReadMemStop              
000003b3  etherReadPhy                  
000002c5  etherReadReg                  
00000e31  etherSendArpRequest           
00000d51  etherSendArpResponse          
00000ae9  etherSendPingResponse         
00001015  etherSendUdpResponse          
0000035f  etherSetBank                  
00001233  etherSetIpAddress             
0000131d  etherSetIpGatewayAddress      
000012ab  etherSetIpSubnetMask          
0000138f  etherSetMacAddress            
000002f7  etherSetReg                   
00000873  etherSumWords                 
00000431  etherWriteMem                 
0000041f  etherWriteMemStart            
00000445  etherWriteMemStop             
0000037b  etherWritePhy                 
00000291  etherWriteReg                 
200010e4  fn                            
00006b9d  frexp                         
00006b9d  frexpl                        
00000000  g_pfnVectors                  
00003877  getArgString                  
000008ed  getEtherChecksum              
00005467  getPinValue                   
0000551d  getPortValue                  
000035e9  getString                     
00005fe5  getcUart0                     
00000971  htons                         
00000995  htons32                       
00003a61  initEeprom                    
00003429  initHw                        
00006059  initSpi0                      
000055ad  initTimer                     
00005edd  initUart0                     
20001186  ipAddress                     
2000118a  ipGwAddress                   
2000118e  ipSubnetMask                  
000038fb  isCommand                     
00002049  isDHCPAck                     
000023a3  isDHCPNack                    
00001833  isDHCPOffer                   
00002a67  isTCPAck                      
00002abd  isTCPTelnet                   
00002797  isTcpListen                   
00003999  itoa                          
00005ff9  kbhitUart0                    
00006551  ldexp                         
00006551  ldexpl                        
00006c57  ltoa                          
2000117c  macAddress                    
00003b31  main                          
00006eab  memccpy                       
0000680f  memcpy                        
00006a55  memset                        
20001182  nextPacketLsb                 
20001183  nextPacketMsb                 
000036cd  parseString                   
20001174  payloadSize                   
2000110c  period                        
00005f9d  putcUart0                     
00005fb9  putsUart0                     
000058a7  random32                      
00003aa9  readEeprom                    
00006191  readSpi0Data                  
20001168  reload                        
000057bf  restartTimer                  
0000392b  reverse                       
00006551  scalbn                        
00006551  scalbnl                       
00005013  selectPinAnalogInput          
00004fc5  selectPinDigitalInput         
0000532f  selectPinInterruptBothEdges   
000052df  selectPinInterruptFallingEdge 
00005385  selectPinInterruptHighLevel   
000053bf  selectPinInterruptLowLevel    
0000528f  selectPinInterruptRisingEdge  
00004f77  selectPinOpenDrainOutput      
00004f29  selectPinPushPullOutput       
00002415  sendDHCPRefresh               
00001bfd  sendDHCPReq                   
0000145d  sendDHCPmessage               
00002b21  sendTCPAck                    
00002fd5  sendTCPFin                    
000031f5  sendTCPLastAck                
000027f5  sendTCPSynAck                 
00002d59  sendTelnetMsg                 
20001184  sequenceId                    
0000517d  setPinAuxFunction             
00005063  setPinCommitControl           
00005441  setPinValue                   
00005499  setPortValue                  
000060f5  setSpi0BaudRate               
0000612b  setSpi0Mode                   
00005f71  setUart0BaudRate              
20001000  shell1                        
00006d89  sprintf                       
0000564d  startOneshotTimer             
000056d3  startPeriodicTimer            
200010ba  state                         
00005759  stopTimer                     
00006f11  strchr                        
00006ef9  strcmp                        
00006f27  strlen                        
20001178  sum                           
20001193  tcp                           
20001192  tcpstate                      
0000582d  tickIsr                       
20001134  ticks                         
00006e6b  waitMicrosecond               
00006f3b  wcslen                        
00003a77  writeEeprom                   
00006179  writeSpi0Data                 


GLOBAL SYMBOLS: SORTED BY Symbol Address 

address   name                          
-------   ----                          
00000000  __TI_static_base__            
00000000  g_pfnVectors                  
0000026d  etherCsOn                     
00000283  etherCsOff                    
00000291  etherWriteReg                 
000002c5  etherReadReg                  
000002f7  etherSetReg                   
0000032b  etherClearReg                 
0000035f  etherSetBank                  
0000037b  etherWritePhy                 
000003b3  etherReadPhy                  
0000041f  etherWriteMemStart            
00000431  etherWriteMem                 
00000445  etherWriteMemStop             
0000044d  etherReadMemStart             
0000045f  etherReadMem                  
0000046f  etherReadMemStop              
00000477  etherInit                     
00000641  etherIsLinkUp                 
0000065b  etherIsDataAvailable          
00000675  etherIsOverflow               
000006a5  etherGetPacket                
00000791  etherPutPacket                
00000873  etherSumWords                 
000008ed  getEtherChecksum              
00000939  etherCalcIpChecksum           
00000971  htons                         
00000995  htons32                       
000009c9  etherIsIp                     
00000a33  etherIsIpUnicast              
00000a9b  etherIsPingRequest            
00000ae9  etherSendPingResponse         
00000bfb  etherIsArpRequest             
00000ca3  etherIsArpResponse            
00000d51  etherSendArpResponse          
00000e31  etherSendArpRequest           
00000f43  etherIsUdp                    
00000fe9  etherGetUdpData               
00001000  __STACK_SIZE                  
00001015  etherSendUdpResponse          
000011db  etherGetId                    
000011e7  etherIncId                    
000011f1  etherEnableDhcpMode           
000011f9  etherDisableDhcpMode          
00001201  etherIsDhcpEnabled            
0000120d  etherIsIpValid                
00001233  etherSetIpAddress             
00001271  etherGetIpAddress             
000012ab  etherSetIpSubnetMask          
000012e3  etherGetIpSubnetMask          
0000131d  etherSetIpGatewayAddress      
00001355  etherGetIpGatewayAddress      
0000138f  etherSetMacAddress            
000013d1  etherGetMacAddress            
0000145d  sendDHCPmessage               
00001833  isDHCPOffer                   
00001885  collectDHCPoffer              
00001bfd  sendDHCPReq                   
00002049  isDHCPAck                     
000020b1  collectDHCPack                
000023a3  isDHCPNack                    
00002415  sendDHCPRefresh               
00002797  isTcpListen                   
000027f5  sendTCPSynAck                 
00002a67  isTCPAck                      
00002abd  isTCPTelnet                   
00002b21  sendTCPAck                    
00002d59  sendTelnetMsg                 
00002fd5  sendTCPFin                    
000031f5  sendTCPLastAck                
00003429  initHw                        
0000345f  displayConnectionInfo         
000035e9  getString                     
000036cd  parseString                   
00003877  getArgString                  
00003893  cmp                           
000038fb  isCommand                     
0000392b  reverse                       
00003999  itoa                          
00003a1d  atoi                          
00003a61  initEeprom                    
00003a77  writeEeprom                   
00003aa9  readEeprom                    
00003acf  cb_discover                   
00003ad7  cb_request                    
00003adf  cb_renew                      
00003af1  cb_rebind                     
00003b09  cb_init                       
00003b31  main                          
0000439d  __TI_printfi                  
00004deb  __aeabi_idiv0                 
00004deb  __aeabi_ldiv0                 
00004ded  enablePort                    
00004ea9  disablePort                   
00004f29  selectPinPushPullOutput       
00004f77  selectPinOpenDrainOutput      
00004fc5  selectPinDigitalInput         
00005013  selectPinAnalogInput          
00005063  setPinCommitControl           
000050df  enablePinPullup               
0000510d  disablePinPullup              
00005131  enablePinPulldown             
00005155  disablePinPulldown            
0000517d  setPinAuxFunction             
0000528f  selectPinInterruptRisingEdge  
000052df  selectPinInterruptFallingEdge 
0000532f  selectPinInterruptBothEdges   
00005385  selectPinInterruptHighLevel   
000053bf  selectPinInterruptLowLevel    
000053f9  enablePinInterrupt            
0000541d  disablePinInterrupt           
00005441  setPinValue                   
00005467  getPinValue                   
00005499  setPortValue                  
0000551d  getPortValue                  
000055ad  initTimer                     
0000564d  startOneshotTimer             
000056d3  startPeriodicTimer            
00005759  stopTimer                     
000057bf  restartTimer                  
0000582d  tickIsr                       
000058a7  random32                      
00005d25  __aeabi_dsub                  
00005d2f  __aeabi_dadd                  
00005edd  initUart0                     
00005f71  setUart0BaudRate              
00005f9d  putcUart0                     
00005fb9  putsUart0                     
00005fe5  getcUart0                     
00005ff9  kbhitUart0                    
00006059  initSpi0                      
000060f5  setSpi0BaudRate               
0000612b  setSpi0Mode                   
00006179  writeSpi0Data                 
00006191  readSpi0Data                  
000062f5  __aeabi_ddiv                  
00006551  ldexp                         
00006551  ldexpl                        
00006551  scalbn                        
00006551  scalbnl                       
00006661  __aeabi_dmul                  
0000680f  __aeabi_memcpy                
0000680f  __aeabi_memcpy4               
0000680f  __aeabi_memcpy8               
0000680f  memcpy                        
000068ab  __aeabi_uldivmod              
00006941  __aeabi_cdcmpeq               
00006941  __aeabi_cdcmple               
000069c7  __aeabi_cdrcmple              
00006a4d  __aeabi_memclr                
00006a4d  __aeabi_memclr4               
00006a4d  __aeabi_memclr8               
00006a4f  __aeabi_memset                
00006a4f  __aeabi_memset4               
00006a4f  __aeabi_memset8               
00006a55  memset                        
00006b35  __TI_decompress_lzss          
00006b9d  frexp                         
00006b9d  frexpl                        
00006c57  ltoa                          
00006cfd  __aeabi_d2iz                  
00006d45  __TI_auto_init_nobinit_nopinit
00006d89  sprintf                       
00006e09  _c_int00_noargs               
00006e3d  __aeabi_i2d                   
00006e6b  waitMicrosecond               
00006e8f  __TI_zero_init_nomemset       
00006eab  memccpy                       
00006ec7  copysign                      
00006ec7  copysignl                     
00006ef9  strcmp                        
00006f11  strchr                        
00006f27  strlen                        
00006f3b  wcslen                        
00006f4d  __TI_decompress_none          
00006f5b  ResetISR                      
00006f71  __aeabi_errno_addr            
00006f79  _system_pre_init              
00006f7d  C$$EXIT                       
00006f7d  abort                         
00006fa0  __TI_Handler_Table_Base       
00006fac  __TI_Handler_Table_Limit      
00006fb8  __TI_CINIT_Base               
00006fc8  __TI_CINIT_Limit              
20000000  __stack                       
20000200  __STACK_TOP                   
20001000  __STACK_END                   
20001000  shell1                        
200010ba  state                         
200010bc  dhcpoffer                     
200010e4  fn                            
2000110c  period                        
20001134  ticks                         
2000115c  dhcpack                       
20001168  reload                        
20001174  payloadSize                   
20001178  sum                           
2000117c  macAddress                    
20001182  nextPacketLsb                 
20001183  nextPacketMsb                 
20001184  sequenceId                    
20001185  dhcpEnabled                   
20001186  ipAddress                     
2000118a  ipGwAddress                   
2000118e  ipSubnetMask                  
20001192  tcpstate                      
20001193  tcp                           
20001194  errno                         
ffffffff  __TI_pprof_out_hndl           
ffffffff  __TI_prof_data_size           
ffffffff  __TI_prof_data_start          
ffffffff  __binit__                     
ffffffff  __c_args__                    
ffffffff  binit                         
UNDEFED   __mpu_init                    
UNDEFED   _system_post_cinit            

[216 symbols]
