<?xml version="1.0" encoding="ISO-8859-1" ?>
<link_info>
   <banner>TI ARM Linker PC v18.12.2.LTS</banner>
   <copyright>Copyright (c) 1996-2018 Texas Instruments Incorporated</copyright>
   <link_time>0x5ee945f4</link_time>
   <link_errors>0x0</link_errors>
   <output_file>iot.out</output_file>
   <entry_point>
      <name>_c_int00_noargs</name>
      <address>0x6e09</address>
   </entry_point>
   <input_file_list>
      <input_file id="fl-2">
         <path>.\</path>
         <kind>object</kind>
         <file>eth0.obj</file>
         <name>eth0.obj</name>
      </input_file>
      <input_file id="fl-3">
         <path>.\</path>
         <kind>object</kind>
         <file>ethernet.obj</file>
         <name>ethernet.obj</name>
      </input_file>
      <input_file id="fl-4">
         <path>.\</path>
         <kind>object</kind>
         <file>gpio.obj</file>
         <name>gpio.obj</name>
      </input_file>
      <input_file id="fl-5">
         <path>.\</path>
         <kind>object</kind>
         <file>spi0.obj</file>
         <name>spi0.obj</name>
      </input_file>
      <input_file id="fl-6">
         <path>.\</path>
         <kind>object</kind>
         <file>timer.obj</file>
         <name>timer.obj</name>
      </input_file>
      <input_file id="fl-7">
         <path>.\</path>
         <kind>object</kind>
         <file>tm4c123gh6pm_startup_ccs.obj</file>
         <name>tm4c123gh6pm_startup_ccs.obj</name>
      </input_file>
      <input_file id="fl-8">
         <path>.\</path>
         <kind>object</kind>
         <file>uart0.obj</file>
         <name>uart0.obj</name>
      </input_file>
      <input_file id="fl-9">
         <path>.\</path>
         <kind>object</kind>
         <file>wait.obj</file>
         <name>wait.obj</name>
      </input_file>
      <input_file id="fl-d">
         <kind>object</kind>
         <file>&lt;internal&gt;</file>
         <name>&lt;internal&gt;</name>
      </input_file>
      <input_file id="fl-c3">
         <path>S:\CSS\ccs\tools\compiler\ti-cgt-arm_18.12.2.LTS\lib\</path>
         <kind>archive</kind>
         <file>rtsv7M4_T_le_v4SPD16_eabi.lib</file>
         <name>sprintf.c.obj</name>
      </input_file>
      <input_file id="fl-c4">
         <path>S:\CSS\ccs\tools\compiler\ti-cgt-arm_18.12.2.LTS\lib\</path>
         <kind>archive</kind>
         <file>rtsv7M4_T_le_v4SPD16_eabi.lib</file>
         <name>memcpy_t2.asm.obj</name>
      </input_file>
      <input_file id="fl-c5">
         <path>S:\CSS\ccs\tools\compiler\ti-cgt-arm_18.12.2.LTS\lib\</path>
         <kind>archive</kind>
         <file>rtsv7M4_T_le_v4SPD16_eabi.lib</file>
         <name>copy_zero_init.c.obj</name>
      </input_file>
      <input_file id="fl-c6">
         <path>S:\CSS\ccs\tools\compiler\ti-cgt-arm_18.12.2.LTS\lib\</path>
         <kind>archive</kind>
         <file>rtsv7M4_T_le_v4SPD16_eabi.lib</file>
         <name>copy_decompress_none.c.obj</name>
      </input_file>
      <input_file id="fl-c7">
         <path>S:\CSS\ccs\tools\compiler\ti-cgt-arm_18.12.2.LTS\lib\</path>
         <kind>archive</kind>
         <file>rtsv7M4_T_le_v4SPD16_eabi.lib</file>
         <name>copy_decompress_lzss.c.obj</name>
      </input_file>
      <input_file id="fl-c8">
         <path>S:\CSS\ccs\tools\compiler\ti-cgt-arm_18.12.2.LTS\lib\</path>
         <kind>archive</kind>
         <file>rtsv7M4_T_le_v4SPD16_eabi.lib</file>
         <name>strcmp.c.obj</name>
      </input_file>
      <input_file id="fl-c9">
         <path>S:\CSS\ccs\tools\compiler\ti-cgt-arm_18.12.2.LTS\lib\</path>
         <kind>archive</kind>
         <file>rtsv7M4_T_le_v4SPD16_eabi.lib</file>
         <name>boot_cortex_m.c.obj</name>
      </input_file>
      <input_file id="fl-ca">
         <path>S:\CSS\ccs\tools\compiler\ti-cgt-arm_18.12.2.LTS\lib\</path>
         <kind>archive</kind>
         <file>rtsv7M4_T_le_v4SPD16_eabi.lib</file>
         <name>_printfi.c.obj</name>
      </input_file>
      <input_file id="fl-cb">
         <path>S:\CSS\ccs\tools\compiler\ti-cgt-arm_18.12.2.LTS\lib\</path>
         <kind>archive</kind>
         <file>rtsv7M4_T_le_v4SPD16_eabi.lib</file>
         <name>s_frexp.c.obj</name>
      </input_file>
      <input_file id="fl-cc">
         <path>S:\CSS\ccs\tools\compiler\ti-cgt-arm_18.12.2.LTS\lib\</path>
         <kind>archive</kind>
         <file>rtsv7M4_T_le_v4SPD16_eabi.lib</file>
         <name>s_scalbn.c.obj</name>
      </input_file>
      <input_file id="fl-cd">
         <path>S:\CSS\ccs\tools\compiler\ti-cgt-arm_18.12.2.LTS\lib\</path>
         <kind>archive</kind>
         <file>rtsv7M4_T_le_v4SPD16_eabi.lib</file>
         <name>ull_div_t2.asm.obj</name>
      </input_file>
      <input_file id="fl-ce">
         <path>S:\CSS\ccs\tools\compiler\ti-cgt-arm_18.12.2.LTS\lib\</path>
         <kind>archive</kind>
         <file>rtsv7M4_T_le_v4SPD16_eabi.lib</file>
         <name>memset_t2.asm.obj</name>
      </input_file>
      <input_file id="fl-cf">
         <path>S:\CSS\ccs\tools\compiler\ti-cgt-arm_18.12.2.LTS\lib\</path>
         <kind>archive</kind>
         <file>rtsv7M4_T_le_v4SPD16_eabi.lib</file>
         <name>fd_add_t2.asm.obj</name>
      </input_file>
      <input_file id="fl-d0">
         <path>S:\CSS\ccs\tools\compiler\ti-cgt-arm_18.12.2.LTS\lib\</path>
         <kind>archive</kind>
         <file>rtsv7M4_T_le_v4SPD16_eabi.lib</file>
         <name>fd_cmp_t2.asm.obj</name>
      </input_file>
      <input_file id="fl-d1">
         <path>S:\CSS\ccs\tools\compiler\ti-cgt-arm_18.12.2.LTS\lib\</path>
         <kind>archive</kind>
         <file>rtsv7M4_T_le_v4SPD16_eabi.lib</file>
         <name>fd_div_t2.asm.obj</name>
      </input_file>
      <input_file id="fl-d2">
         <path>S:\CSS\ccs\tools\compiler\ti-cgt-arm_18.12.2.LTS\lib\</path>
         <kind>archive</kind>
         <file>rtsv7M4_T_le_v4SPD16_eabi.lib</file>
         <name>fd_mul_t2.asm.obj</name>
      </input_file>
      <input_file id="fl-d3">
         <path>S:\CSS\ccs\tools\compiler\ti-cgt-arm_18.12.2.LTS\lib\</path>
         <kind>archive</kind>
         <file>rtsv7M4_T_le_v4SPD16_eabi.lib</file>
         <name>fd_toi_t2.asm.obj</name>
      </input_file>
      <input_file id="fl-d4">
         <path>S:\CSS\ccs\tools\compiler\ti-cgt-arm_18.12.2.LTS\lib\</path>
         <kind>archive</kind>
         <file>rtsv7M4_T_le_v4SPD16_eabi.lib</file>
         <name>i_tofd_t2.asm.obj</name>
      </input_file>
      <input_file id="fl-d5">
         <path>S:\CSS\ccs\tools\compiler\ti-cgt-arm_18.12.2.LTS\lib\</path>
         <kind>archive</kind>
         <file>rtsv7M4_T_le_v4SPD16_eabi.lib</file>
         <name>autoinit.c.obj</name>
      </input_file>
      <input_file id="fl-d6">
         <path>S:\CSS\ccs\tools\compiler\ti-cgt-arm_18.12.2.LTS\lib\</path>
         <kind>archive</kind>
         <file>rtsv7M4_T_le_v4SPD16_eabi.lib</file>
         <name>pre_init.c.obj</name>
      </input_file>
      <input_file id="fl-d7">
         <path>S:\CSS\ccs\tools\compiler\ti-cgt-arm_18.12.2.LTS\lib\</path>
         <kind>archive</kind>
         <file>rtsv7M4_T_le_v4SPD16_eabi.lib</file>
         <name>cpy_tbl.c.obj</name>
      </input_file>
      <input_file id="fl-d8">
         <path>S:\CSS\ccs\tools\compiler\ti-cgt-arm_18.12.2.LTS\lib\</path>
         <kind>archive</kind>
         <file>rtsv7M4_T_le_v4SPD16_eabi.lib</file>
         <name>exit.c.obj</name>
      </input_file>
      <input_file id="fl-d9">
         <path>S:\CSS\ccs\tools\compiler\ti-cgt-arm_18.12.2.LTS\lib\</path>
         <kind>archive</kind>
         <file>rtsv7M4_T_le_v4SPD16_eabi.lib</file>
         <name>_lock.c.obj</name>
      </input_file>
      <input_file id="fl-da">
         <path>S:\CSS\ccs\tools\compiler\ti-cgt-arm_18.12.2.LTS\lib\</path>
         <kind>archive</kind>
         <file>rtsv7M4_T_le_v4SPD16_eabi.lib</file>
         <name>args_main.c.obj</name>
      </input_file>
      <input_file id="fl-db">
         <path>S:\CSS\ccs\tools\compiler\ti-cgt-arm_18.12.2.LTS\lib\</path>
         <kind>archive</kind>
         <file>rtsv7M4_T_le_v4SPD16_eabi.lib</file>
         <name>ltoa.c.obj</name>
      </input_file>
      <input_file id="fl-dc">
         <path>S:\CSS\ccs\tools\compiler\ti-cgt-arm_18.12.2.LTS\lib\</path>
         <kind>archive</kind>
         <file>rtsv7M4_T_le_v4SPD16_eabi.lib</file>
         <name>memccpy.c.obj</name>
      </input_file>
      <input_file id="fl-dd">
         <path>S:\CSS\ccs\tools\compiler\ti-cgt-arm_18.12.2.LTS\lib\</path>
         <kind>archive</kind>
         <file>rtsv7M4_T_le_v4SPD16_eabi.lib</file>
         <name>strchr.c.obj</name>
      </input_file>
      <input_file id="fl-de">
         <path>S:\CSS\ccs\tools\compiler\ti-cgt-arm_18.12.2.LTS\lib\</path>
         <kind>archive</kind>
         <file>rtsv7M4_T_le_v4SPD16_eabi.lib</file>
         <name>strlen.c.obj</name>
      </input_file>
      <input_file id="fl-df">
         <path>S:\CSS\ccs\tools\compiler\ti-cgt-arm_18.12.2.LTS\lib\</path>
         <kind>archive</kind>
         <file>rtsv7M4_T_le_v4SPD16_eabi.lib</file>
         <name>errno.c.obj</name>
      </input_file>
      <input_file id="fl-e0">
         <path>S:\CSS\ccs\tools\compiler\ti-cgt-arm_18.12.2.LTS\lib\</path>
         <kind>archive</kind>
         <file>rtsv7M4_T_le_v4SPD16_eabi.lib</file>
         <name>wcslen.c.obj</name>
      </input_file>
      <input_file id="fl-e1">
         <path>S:\CSS\ccs\tools\compiler\ti-cgt-arm_18.12.2.LTS\lib\</path>
         <kind>archive</kind>
         <file>rtsv7M4_T_le_v4SPD16_eabi.lib</file>
         <name>s_copysign.c.obj</name>
      </input_file>
      <input_file id="fl-e2">
         <path>S:\CSS\ccs\tools\compiler\ti-cgt-arm_18.12.2.LTS\lib\</path>
         <kind>archive</kind>
         <file>rtsv7M4_T_le_v4SPD16_eabi.lib</file>
         <name>div0.asm.obj</name>
      </input_file>
   </input_file_list>
   <object_component_list>
      <object_component id="oc-f">
         <name>.intvecs</name>
         <load_address>0x0</load_address>
         <run_address>0x0</run_address>
         <size>0x26c</size>
         <input_file_ref idref="fl-7"/>
      </object_component>
      <object_component id="oc-e0">
         <name>.text</name>
         <load_address>0x26c</load_address>
         <run_address>0x26c</run_address>
         <size>0x31bc</size>
         <input_file_ref idref="fl-2"/>
      </object_component>
      <object_component id="oc-af">
         <name>.text</name>
         <load_address>0x3428</load_address>
         <run_address>0x3428</run_address>
         <size>0xf74</size>
         <input_file_ref idref="fl-3"/>
      </object_component>
      <object_component id="oc-176">
         <name>.text:__TI_printfi</name>
         <load_address>0x439c</load_address>
         <run_address>0x439c</run_address>
         <size>0xa4e</size>
         <input_file_ref idref="fl-ca"/>
      </object_component>
      <object_component id="oc-2c5">
         <name>.text</name>
         <load_address>0x4dea</load_address>
         <run_address>0x4dea</run_address>
         <size>0x2</size>
         <input_file_ref idref="fl-e2"/>
      </object_component>
      <object_component id="oc-da">
         <name>.text</name>
         <load_address>0x4dec</load_address>
         <run_address>0x4dec</run_address>
         <size>0x7c0</size>
         <input_file_ref idref="fl-4"/>
      </object_component>
      <object_component id="oc-2a">
         <name>.text</name>
         <load_address>0x55ac</load_address>
         <run_address>0x55ac</run_address>
         <size>0x338</size>
         <input_file_ref idref="fl-6"/>
      </object_component>
      <object_component id="oc-1ef">
         <name>.text:_pconv_a</name>
         <load_address>0x58e4</load_address>
         <run_address>0x58e4</run_address>
         <size>0x270</size>
         <input_file_ref idref="fl-ca"/>
      </object_component>
      <object_component id="oc-1dd">
         <name>.text:_pconv_g</name>
         <load_address>0x5b54</load_address>
         <run_address>0x5b54</run_address>
         <size>0x1d0</size>
         <input_file_ref idref="fl-ca"/>
      </object_component>
      <object_component id="oc-262">
         <name>.text</name>
         <load_address>0x5d24</load_address>
         <run_address>0x5d24</run_address>
         <size>0x1b6</size>
         <input_file_ref idref="fl-cf"/>
      </object_component>
      <object_component id="oc-e6">
         <name>.text</name>
         <load_address>0x5edc</load_address>
         <run_address>0x5edc</run_address>
         <size>0x17c</size>
         <input_file_ref idref="fl-8"/>
      </object_component>
      <object_component id="oc-162">
         <name>.text</name>
         <load_address>0x6058</load_address>
         <run_address>0x6058</run_address>
         <size>0x160</size>
         <input_file_ref idref="fl-5"/>
      </object_component>
      <object_component id="oc-1e9">
         <name>.text:_pconv_e</name>
         <load_address>0x61b8</load_address>
         <run_address>0x61b8</run_address>
         <size>0x13c</size>
         <input_file_ref idref="fl-ca"/>
      </object_component>
      <object_component id="oc-248">
         <name>.text</name>
         <load_address>0x62f4</load_address>
         <run_address>0x62f4</run_address>
         <size>0x136</size>
         <input_file_ref idref="fl-d1"/>
      </object_component>
      <object_component id="oc-274">
         <name>.text:fcvt</name>
         <load_address>0x642c</load_address>
         <run_address>0x642c</run_address>
         <size>0x124</size>
         <input_file_ref idref="fl-ca"/>
      </object_component>
      <object_component id="oc-288">
         <name>.text:scalbn</name>
         <load_address>0x6550</load_address>
         <run_address>0x6550</run_address>
         <size>0x110</size>
         <input_file_ref idref="fl-cc"/>
      </object_component>
      <object_component id="oc-243">
         <name>.text</name>
         <load_address>0x6660</load_address>
         <run_address>0x6660</run_address>
         <size>0xfc</size>
         <input_file_ref idref="fl-d2"/>
      </object_component>
      <object_component id="oc-1d2">
         <name>.text:_ltostr</name>
         <load_address>0x675c</load_address>
         <run_address>0x675c</run_address>
         <size>0xb1</size>
         <input_file_ref idref="fl-ca"/>
      </object_component>
      <object_component id="oc-3e">
         <name>.text</name>
         <load_address>0x680e</load_address>
         <run_address>0x680e</run_address>
         <size>0x9c</size>
         <input_file_ref idref="fl-c4"/>
      </object_component>
      <object_component id="oc-23c">
         <name>.text</name>
         <load_address>0x68aa</load_address>
         <run_address>0x68aa</run_address>
         <size>0x96</size>
         <input_file_ref idref="fl-cd"/>
      </object_component>
      <object_component id="oc-1d8">
         <name>.text:__aeabi_cdcmple</name>
         <load_address>0x6940</load_address>
         <run_address>0x6940</run_address>
         <size>0x86</size>
         <input_file_ref idref="fl-d0"/>
      </object_component>
      <object_component id="oc-24d">
         <name>.text:__aeabi_cdrcmple</name>
         <load_address>0x69c6</load_address>
         <run_address>0x69c6</run_address>
         <size>0x86</size>
         <input_file_ref idref="fl-d0"/>
      </object_component>
      <object_component id="oc-a3">
         <name>.text</name>
         <load_address>0x6a4c</load_address>
         <run_address>0x6a4c</run_address>
         <size>0x7a</size>
         <input_file_ref idref="fl-ce"/>
      </object_component>
      <object_component id="oc-26d">
         <name>.text:_mcpy</name>
         <load_address>0x6ac6</load_address>
         <run_address>0x6ac6</run_address>
         <size>0x6e</size>
         <input_file_ref idref="fl-ca"/>
      </object_component>
      <object_component id="oc-12">
         <name>.text:decompress:lzss:__TI_decompress_lzss</name>
         <load_address>0x6b34</load_address>
         <run_address>0x6b34</run_address>
         <size>0x68</size>
         <input_file_ref idref="fl-c7"/>
      </object_component>
      <object_component id="oc-282">
         <name>.text:frexp</name>
         <load_address>0x6b9c</load_address>
         <run_address>0x6b9c</run_address>
         <size>0x64</size>
         <input_file_ref idref="fl-cb"/>
      </object_component>
      <object_component id="oc-1e3">
         <name>.text:_pconv_f</name>
         <load_address>0x6c00</load_address>
         <run_address>0x6c00</run_address>
         <size>0x56</size>
         <input_file_ref idref="fl-ca"/>
      </object_component>
      <object_component id="oc-257">
         <name>.text:ltoa</name>
         <load_address>0x6c56</load_address>
         <run_address>0x6c56</run_address>
         <size>0x54</size>
         <input_file_ref idref="fl-db"/>
      </object_component>
      <object_component id="oc-267">
         <name>.text:_ecpy</name>
         <load_address>0x6caa</load_address>
         <run_address>0x6caa</run_address>
         <size>0x52</size>
         <input_file_ref idref="fl-ca"/>
      </object_component>
      <object_component id="oc-252">
         <name>.text</name>
         <load_address>0x6cfc</load_address>
         <run_address>0x6cfc</run_address>
         <size>0x48</size>
         <input_file_ref idref="fl-d3"/>
      </object_component>
      <object_component id="oc-11d">
         <name>.text:__TI_auto_init_nobinit_nopinit:__TI_auto_init_nobinit_nopinit</name>
         <load_address>0x6d44</load_address>
         <run_address>0x6d44</run_address>
         <size>0x44</size>
         <input_file_ref idref="fl-d5"/>
      </object_component>
      <object_component id="oc-ec">
         <name>.text:sprintf</name>
         <load_address>0x6d88</load_address>
         <run_address>0x6d88</run_address>
         <size>0x40</size>
         <input_file_ref idref="fl-c3"/>
      </object_component>
      <object_component id="oc-27a">
         <name>.text:_fcpy</name>
         <load_address>0x6dc8</load_address>
         <run_address>0x6dc8</run_address>
         <size>0x3e</size>
         <input_file_ref idref="fl-ca"/>
      </object_component>
      <object_component id="oc-5c">
         <name>.text:_c_int00_noargs:_c_int00_noargs</name>
         <load_address>0x6e08</load_address>
         <run_address>0x6e08</run_address>
         <size>0x34</size>
         <input_file_ref idref="fl-c9"/>
      </object_component>
      <object_component id="oc-25d">
         <name>.text</name>
         <load_address>0x6e3c</load_address>
         <run_address>0x6e3c</run_address>
         <size>0x2e</size>
         <input_file_ref idref="fl-d4"/>
      </object_component>
      <object_component id="oc-f5">
         <name>.text</name>
         <load_address>0x6e6a</load_address>
         <run_address>0x6e6a</run_address>
         <size>0x24</size>
         <input_file_ref idref="fl-9"/>
      </object_component>
      <object_component id="oc-4a">
         <name>.text:decompress:ZI:__TI_zero_init_nomemset:__TI_zero_init_nomemset</name>
         <load_address>0x6e8e</load_address>
         <run_address>0x6e8e</run_address>
         <size>0x1c</size>
         <input_file_ref idref="fl-c5"/>
      </object_component>
      <object_component id="oc-1f5">
         <name>.text:memccpy</name>
         <load_address>0x6eaa</load_address>
         <run_address>0x6eaa</run_address>
         <size>0x1c</size>
         <input_file_ref idref="fl-dc"/>
      </object_component>
      <object_component id="oc-2de">
         <name>.text:copysign</name>
         <load_address>0x6ec6</load_address>
         <run_address>0x6ec6</run_address>
         <size>0x1a</size>
         <input_file_ref idref="fl-e1"/>
      </object_component>
      <object_component id="oc-17c">
         <name>.text:_outs</name>
         <load_address>0x6ee0</load_address>
         <run_address>0x6ee0</run_address>
         <size>0x18</size>
         <input_file_ref idref="fl-c3"/>
      </object_component>
      <object_component id="oc-105">
         <name>.text:strcmp</name>
         <load_address>0x6ef8</load_address>
         <run_address>0x6ef8</run_address>
         <size>0x18</size>
         <input_file_ref idref="fl-c8"/>
      </object_component>
      <object_component id="oc-28e">
         <name>.text:strchr</name>
         <load_address>0x6f10</load_address>
         <run_address>0x6f10</run_address>
         <size>0x16</size>
         <input_file_ref idref="fl-dd"/>
      </object_component>
      <object_component id="oc-1cc">
         <name>.text:strlen</name>
         <load_address>0x6f26</load_address>
         <run_address>0x6f26</run_address>
         <size>0x14</size>
         <input_file_ref idref="fl-de"/>
      </object_component>
      <object_component id="oc-1fb">
         <name>.text:wcslen</name>
         <load_address>0x6f3a</load_address>
         <run_address>0x6f3a</run_address>
         <size>0x12</size>
         <input_file_ref idref="fl-e0"/>
      </object_component>
      <object_component id="oc-18">
         <name>.text:decompress:none:__TI_decompress_none</name>
         <load_address>0x6f4c</load_address>
         <run_address>0x6f4c</run_address>
         <size>0xe</size>
         <input_file_ref idref="fl-c6"/>
      </object_component>
      <object_component id="oc-24">
         <name>.text</name>
         <load_address>0x6f5a</load_address>
         <run_address>0x6f5a</run_address>
         <size>0xc</size>
         <input_file_ref idref="fl-7"/>
      </object_component>
      <object_component id="oc-182">
         <name>.text:_outc</name>
         <load_address>0x6f66</load_address>
         <run_address>0x6f66</run_address>
         <size>0xa</size>
         <input_file_ref idref="fl-c3"/>
      </object_component>
      <object_component id="oc-201">
         <name>.text:__aeabi_errno_addr</name>
         <load_address>0x6f70</load_address>
         <run_address>0x6f70</run_address>
         <size>0x8</size>
         <input_file_ref idref="fl-df"/>
      </object_component>
      <object_component id="oc-a9">
         <name>.text:_system_pre_init</name>
         <load_address>0x6f78</load_address>
         <run_address>0x6f78</run_address>
         <size>0x4</size>
         <input_file_ref idref="fl-d6"/>
      </object_component>
      <object_component id="oc-111">
         <name>.text:abort:abort</name>
         <load_address>0x6f7c</load_address>
         <run_address>0x6f7c</run_address>
         <size>0x4</size>
         <input_file_ref idref="fl-d8"/>
      </object_component>
      <object_component id="oc-170">
         <name>.const:.string:$P$T0$1</name>
         <load_address>0x6f80</load_address>
         <run_address>0x6f80</run_address>
         <size>0x6</size>
         <input_file_ref idref="fl-2"/>
      </object_component>
      <object_component id="oc-332">
         <name>.cinit..data.load</name>
         <load_address>0x6f88</load_address>
         <run_address>0x6f88</run_address>
         <size>0x16</size>
      </object_component>
      <object_component id="oc-330">
         <name>__TI_handler_table</name>
         <load_address>0x6fa0</load_address>
         <run_address>0x6fa0</run_address>
         <size>0xc</size>
      </object_component>
      <object_component id="oc-333">
         <name>.cinit..bss.load</name>
         <load_address>0x6fb0</load_address>
         <run_address>0x6fb0</run_address>
         <size>0x8</size>
      </object_component>
      <object_component id="oc-331">
         <name>__TI_cinit_table</name>
         <load_address>0x6fb8</load_address>
         <run_address>0x6fb8</run_address>
         <size>0x10</size>
      </object_component>
      <object_component id="oc-16b">
         <name>.data</name>
         <load_address>0x20001182</load_address>
         <run_address>0x20001182</run_address>
         <size>0x4</size>
         <input_file_ref idref="fl-2"/>
      </object_component>
      <object_component id="oc-168">
         <name>.data:macAddress</name>
         <load_address>0x2000117c</load_address>
         <run_address>0x2000117c</run_address>
         <size>0x6</size>
         <input_file_ref idref="fl-2"/>
      </object_component>
      <object_component id="oc-fc">
         <name>.data:ipAddress</name>
         <load_address>0x20001186</load_address>
         <run_address>0x20001186</run_address>
         <size>0x4</size>
         <input_file_ref idref="fl-2"/>
      </object_component>
      <object_component id="oc-10b">
         <name>.data:ipSubnetMask</name>
         <load_address>0x2000118e</load_address>
         <run_address>0x2000118e</run_address>
         <size>0x4</size>
         <input_file_ref idref="fl-2"/>
      </object_component>
      <object_component id="oc-102">
         <name>.data:ipGwAddress</name>
         <load_address>0x2000118a</load_address>
         <run_address>0x2000118a</run_address>
         <size>0x4</size>
         <input_file_ref idref="fl-2"/>
      </object_component>
      <object_component id="oc-ff">
         <name>.data</name>
         <load_address>0x20001192</load_address>
         <run_address>0x20001192</run_address>
         <size>0x2</size>
         <input_file_ref idref="fl-3"/>
      </object_component>
      <object_component id="oc-29e">
         <name>.data</name>
         <load_address>0x20001194</load_address>
         <run_address>0x20001194</run_address>
         <size>0x4</size>
         <input_file_ref idref="fl-df"/>
      </object_component>
      <object_component id="oc-10e">
         <name>.common:dhcpoffer</name>
         <uninitialized>true</uninitialized>
         <run_address>0x200010bc</run_address>
         <size>0x28</size>
      </object_component>
      <object_component id="oc-10f">
         <name>.common:dhcpack</name>
         <uninitialized>true</uninitialized>
         <run_address>0x2000115c</run_address>
         <size>0xc</size>
      </object_component>
      <object_component id="oc-16e">
         <name>.common:sum</name>
         <uninitialized>true</uninitialized>
         <run_address>0x20001178</run_address>
         <size>0x4</size>
      </object_component>
      <object_component id="oc-16f">
         <name>.common:payloadSize</name>
         <uninitialized>true</uninitialized>
         <run_address>0x20001174</run_address>
         <size>0x4</size>
      </object_component>
      <object_component id="oc-f2">
         <name>.common:shell1</name>
         <uninitialized>true</uninitialized>
         <run_address>0x20001000</run_address>
         <size>0xba</size>
      </object_component>
      <object_component id="oc-fb">
         <name>.common:state</name>
         <uninitialized>true</uninitialized>
         <run_address>0x200010ba</run_address>
         <size>0x1</size>
      </object_component>
      <object_component id="oc-75">
         <name>.common:fn</name>
         <uninitialized>true</uninitialized>
         <run_address>0x200010e4</run_address>
         <size>0x28</size>
      </object_component>
      <object_component id="oc-71">
         <name>.common:period</name>
         <uninitialized>true</uninitialized>
         <run_address>0x2000110c</run_address>
         <size>0x28</size>
      </object_component>
      <object_component id="oc-74">
         <name>.common:ticks</name>
         <uninitialized>true</uninitialized>
         <run_address>0x20001134</run_address>
         <size>0x28</size>
      </object_component>
      <object_component id="oc-76">
         <name>.common:reload</name>
         <uninitialized>true</uninitialized>
         <run_address>0x20001168</run_address>
         <size>0xc</size>
      </object_component>
      <object_component id="oc-21">
         <name>.stack</name>
         <uninitialized>true</uninitialized>
         <run_address>0x20000000</run_address>
         <size>0x4</size>
         <input_file_ref idref="fl-c9"/>
      </object_component>
      <object_component id="oc-334">
         <name>.stack</name>
         <uninitialized>true</uninitialized>
         <run_address>0x20000000</run_address>
         <size>0x0</size>
      </object_component>
      <object_component id="oc-c8">
         <name>.debug_info</name>
         <load_address>0x0</load_address>
         <run_address>0x0</run_address>
         <size>0x593</size>
         <input_file_ref idref="fl-2"/>
      </object_component>
      <object_component id="oc-16c">
         <name>.debug_info</name>
         <load_address>0x593</load_address>
         <run_address>0x593</run_address>
         <size>0x183</size>
         <input_file_ref idref="fl-2"/>
      </object_component>
      <object_component id="oc-169">
         <name>.debug_info</name>
         <load_address>0x716</load_address>
         <run_address>0x716</run_address>
         <size>0x106</size>
         <input_file_ref idref="fl-2"/>
      </object_component>
      <object_component id="oc-fd">
         <name>.debug_info</name>
         <load_address>0x81c</load_address>
         <run_address>0x81c</run_address>
         <size>0x104</size>
         <input_file_ref idref="fl-2"/>
      </object_component>
      <object_component id="oc-10c">
         <name>.debug_info</name>
         <load_address>0x920</load_address>
         <run_address>0x920</run_address>
         <size>0x10a</size>
         <input_file_ref idref="fl-2"/>
      </object_component>
      <object_component id="oc-103">
         <name>.debug_info</name>
         <load_address>0xa2a</load_address>
         <run_address>0xa2a</run_address>
         <size>0x108</size>
         <input_file_ref idref="fl-2"/>
      </object_component>
      <object_component id="oc-171">
         <name>.debug_info</name>
         <load_address>0xb32</load_address>
         <run_address>0xb32</run_address>
         <size>0x100</size>
         <input_file_ref idref="fl-2"/>
      </object_component>
      <object_component id="oc-e1">
         <name>.debug_info</name>
         <load_address>0xc32</load_address>
         <run_address>0xc32</run_address>
         <size>0x452c</size>
         <input_file_ref idref="fl-2"/>
      </object_component>
      <object_component id="oc-89">
         <name>.debug_info</name>
         <load_address>0x515e</load_address>
         <run_address>0x515e</run_address>
         <size>0x26b</size>
         <input_file_ref idref="fl-2"/>
      </object_component>
      <object_component id="oc-156">
         <name>.debug_info</name>
         <load_address>0x53c9</load_address>
         <run_address>0x53c9</run_address>
         <size>0x88</size>
         <input_file_ref idref="fl-2"/>
      </object_component>
      <object_component id="oc-7d">
         <name>.debug_info</name>
         <load_address>0x5451</load_address>
         <run_address>0x5451</run_address>
         <size>0x8b</size>
         <input_file_ref idref="fl-2"/>
      </object_component>
      <object_component id="oc-82">
         <name>.debug_info</name>
         <load_address>0x54dc</load_address>
         <run_address>0x54dc</run_address>
         <size>0x2c</size>
         <input_file_ref idref="fl-2"/>
      </object_component>
      <object_component id="oc-c3">
         <name>.debug_info</name>
         <load_address>0x5508</load_address>
         <run_address>0x5508</run_address>
         <size>0x297</size>
         <input_file_ref idref="fl-2"/>
      </object_component>
      <object_component id="oc-78">
         <name>.debug_info</name>
         <load_address>0x579f</load_address>
         <run_address>0x579f</run_address>
         <size>0xbb</size>
         <input_file_ref idref="fl-2"/>
      </object_component>
      <object_component id="oc-151">
         <name>.debug_info</name>
         <load_address>0x585a</load_address>
         <run_address>0x585a</run_address>
         <size>0x629</size>
         <input_file_ref idref="fl-2"/>
      </object_component>
      <object_component id="oc-15b">
         <name>.debug_info</name>
         <load_address>0x5e83</load_address>
         <run_address>0x5e83</run_address>
         <size>0x12b</size>
         <input_file_ref idref="fl-2"/>
      </object_component>
      <object_component id="oc-f3">
         <name>.debug_info</name>
         <load_address>0x5fae</load_address>
         <run_address>0x5fae</run_address>
         <size>0xf7c</size>
         <input_file_ref idref="fl-3"/>
      </object_component>
      <object_component id="oc-100">
         <name>.debug_info</name>
         <load_address>0x6f2a</load_address>
         <run_address>0x6f2a</run_address>
         <size>0x11d</size>
         <input_file_ref idref="fl-3"/>
      </object_component>
      <object_component id="oc-b0">
         <name>.debug_info</name>
         <load_address>0x7047</load_address>
         <run_address>0x7047</run_address>
         <size>0x1947</size>
         <input_file_ref idref="fl-3"/>
      </object_component>
      <object_component id="oc-18a">
         <name>.debug_info</name>
         <load_address>0x898e</load_address>
         <run_address>0x898e</run_address>
         <size>0x2c</size>
         <input_file_ref idref="fl-3"/>
      </object_component>
      <object_component id="oc-191">
         <name>.debug_info</name>
         <load_address>0x89ba</load_address>
         <run_address>0x89ba</run_address>
         <size>0x1f5</size>
         <input_file_ref idref="fl-3"/>
      </object_component>
      <object_component id="oc-161">
         <name>.debug_info</name>
         <load_address>0x8baf</load_address>
         <run_address>0x8baf</run_address>
         <size>0x293</size>
         <input_file_ref idref="fl-4"/>
      </object_component>
      <object_component id="oc-dc">
         <name>.debug_info</name>
         <load_address>0x8e42</load_address>
         <run_address>0x8e42</run_address>
         <size>0xfd0</size>
         <input_file_ref idref="fl-4"/>
      </object_component>
      <object_component id="oc-163">
         <name>.debug_info</name>
         <load_address>0x9e12</load_address>
         <run_address>0x9e12</run_address>
         <size>0x485</size>
         <input_file_ref idref="fl-5"/>
      </object_component>
      <object_component id="oc-39">
         <name>.debug_info</name>
         <load_address>0xa297</load_address>
         <run_address>0xa297</run_address>
         <size>0x84</size>
         <input_file_ref idref="fl-5"/>
      </object_component>
      <object_component id="oc-72">
         <name>.debug_info</name>
         <load_address>0xa31b</load_address>
         <run_address>0xa31b</run_address>
         <size>0x358</size>
         <input_file_ref idref="fl-6"/>
      </object_component>
      <object_component id="oc-2c">
         <name>.debug_info</name>
         <load_address>0xa673</load_address>
         <run_address>0xa673</run_address>
         <size>0x4da</size>
         <input_file_ref idref="fl-6"/>
      </object_component>
      <object_component id="oc-32">
         <name>.debug_info</name>
         <load_address>0xab4d</load_address>
         <run_address>0xab4d</run_address>
         <size>0x2f5</size>
         <input_file_ref idref="fl-7"/>
      </object_component>
      <object_component id="oc-10">
         <name>.debug_info</name>
         <load_address>0xae42</load_address>
         <run_address>0xae42</run_address>
         <size>0x11e</size>
         <input_file_ref idref="fl-7"/>
      </object_component>
      <object_component id="oc-25">
         <name>.debug_info</name>
         <load_address>0xaf60</load_address>
         <run_address>0xaf60</run_address>
         <size>0x29a</size>
         <input_file_ref idref="fl-7"/>
      </object_component>
      <object_component id="oc-175">
         <name>.debug_info</name>
         <load_address>0xb1fa</load_address>
         <run_address>0xb1fa</run_address>
         <size>0x294</size>
         <input_file_ref idref="fl-8"/>
      </object_component>
      <object_component id="oc-e8">
         <name>.debug_info</name>
         <load_address>0xb48e</load_address>
         <run_address>0xb48e</run_address>
         <size>0x37c</size>
         <input_file_ref idref="fl-8"/>
      </object_component>
      <object_component id="oc-f7">
         <name>.debug_info</name>
         <load_address>0xb80a</load_address>
         <run_address>0xb80a</run_address>
         <size>0x155</size>
         <input_file_ref idref="fl-9"/>
      </object_component>
      <object_component id="oc-189">
         <name>.debug_info</name>
         <load_address>0xb95f</load_address>
         <run_address>0xb95f</run_address>
         <size>0x334</size>
         <input_file_ref idref="fl-c3"/>
      </object_component>
      <object_component id="oc-ed">
         <name>.debug_info</name>
         <load_address>0xbc93</load_address>
         <run_address>0xbc93</run_address>
         <size>0x1d2</size>
         <input_file_ref idref="fl-c3"/>
      </object_component>
      <object_component id="oc-17f">
         <name>.debug_info</name>
         <load_address>0xbe65</load_address>
         <run_address>0xbe65</run_address>
         <size>0x18e</size>
         <input_file_ref idref="fl-c3"/>
      </object_component>
      <object_component id="oc-184">
         <name>.debug_info</name>
         <load_address>0xbff3</load_address>
         <run_address>0xbff3</run_address>
         <size>0x16e</size>
         <input_file_ref idref="fl-c3"/>
      </object_component>
      <object_component id="oc-2a5">
         <name>.debug_info</name>
         <load_address>0xc161</load_address>
         <run_address>0xc161</run_address>
         <size>0x2c</size>
         <input_file_ref idref="fl-c3"/>
      </object_component>
      <object_component id="oc-3f">
         <name>.debug_info</name>
         <load_address>0xc18d</load_address>
         <run_address>0xc18d</run_address>
         <size>0x11a</size>
         <input_file_ref idref="fl-c4"/>
      </object_component>
      <object_component id="oc-a2">
         <name>.debug_info</name>
         <load_address>0xc2a7</load_address>
         <run_address>0xc2a7</run_address>
         <size>0x2d5</size>
         <input_file_ref idref="fl-c5"/>
      </object_component>
      <object_component id="oc-4e">
         <name>.debug_info</name>
         <load_address>0xc57c</load_address>
         <run_address>0xc57c</run_address>
         <size>0x1d3</size>
         <input_file_ref idref="fl-c5"/>
      </object_component>
      <object_component id="oc-9d">
         <name>.debug_info</name>
         <load_address>0xc74f</load_address>
         <run_address>0xc74f</run_address>
         <size>0x46</size>
         <input_file_ref idref="fl-c5"/>
      </object_component>
      <object_component id="oc-d1">
         <name>.debug_info</name>
         <load_address>0xc795</load_address>
         <run_address>0xc795</run_address>
         <size>0x2c</size>
         <input_file_ref idref="fl-c5"/>
      </object_component>
      <object_component id="oc-49">
         <name>.debug_info</name>
         <load_address>0xc7c1</load_address>
         <run_address>0xc7c1</run_address>
         <size>0x2a9</size>
         <input_file_ref idref="fl-c6"/>
      </object_component>
      <object_component id="oc-1c">
         <name>.debug_info</name>
         <load_address>0xca6a</load_address>
         <run_address>0xca6a</run_address>
         <size>0x1eb</size>
         <input_file_ref idref="fl-c6"/>
      </object_component>
      <object_component id="oc-44">
         <name>.debug_info</name>
         <load_address>0xcc55</load_address>
         <run_address>0xcc55</run_address>
         <size>0x46</size>
         <input_file_ref idref="fl-c6"/>
      </object_component>
      <object_component id="oc-95">
         <name>.debug_info</name>
         <load_address>0xcc9b</load_address>
         <run_address>0xcc9b</run_address>
         <size>0x2c</size>
         <input_file_ref idref="fl-c6"/>
      </object_component>
      <object_component id="oc-93">
         <name>.debug_info</name>
         <load_address>0xccc7</load_address>
         <run_address>0xccc7</run_address>
         <size>0x29f</size>
         <input_file_ref idref="fl-c7"/>
      </object_component>
      <object_component id="oc-16">
         <name>.debug_info</name>
         <load_address>0xcf66</load_address>
         <run_address>0xcf66</run_address>
         <size>0x251</size>
         <input_file_ref idref="fl-c7"/>
      </object_component>
      <object_component id="oc-34">
         <name>.debug_info</name>
         <load_address>0xd1b7</load_address>
         <run_address>0xd1b7</run_address>
         <size>0x60</size>
         <input_file_ref idref="fl-c7"/>
      </object_component>
      <object_component id="oc-ca">
         <name>.debug_info</name>
         <load_address>0xd217</load_address>
         <run_address>0xd217</run_address>
         <size>0x46</size>
         <input_file_ref idref="fl-c7"/>
      </object_component>
      <object_component id="oc-8e">
         <name>.debug_info</name>
         <load_address>0xd25d</load_address>
         <run_address>0xd25d</run_address>
         <size>0x39</size>
         <input_file_ref idref="fl-c7"/>
      </object_component>
      <object_component id="oc-19e">
         <name>.debug_info</name>
         <load_address>0xd296</load_address>
         <run_address>0xd296</run_address>
         <size>0x28b</size>
         <input_file_ref idref="fl-c8"/>
      </object_component>
      <object_component id="oc-109">
         <name>.debug_info</name>
         <load_address>0xd521</load_address>
         <run_address>0xd521</run_address>
         <size>0x274</size>
         <input_file_ref idref="fl-c8"/>
      </object_component>
      <object_component id="oc-22">
         <name>.debug_info</name>
         <load_address>0xd795</load_address>
         <run_address>0xd795</run_address>
         <size>0x10c</size>
         <input_file_ref idref="fl-c9"/>
      </object_component>
      <object_component id="oc-5f">
         <name>.debug_info</name>
         <load_address>0xd8a1</load_address>
         <run_address>0xd8a1</run_address>
         <size>0x1aa</size>
         <input_file_ref idref="fl-c9"/>
      </object_component>
      <object_component id="oc-208">
         <name>.debug_info</name>
         <load_address>0xda4b</load_address>
         <run_address>0xda4b</run_address>
         <size>0x57c</size>
         <input_file_ref idref="fl-ca"/>
      </object_component>
      <object_component id="oc-1d5">
         <name>.debug_info</name>
         <load_address>0xdfc7</load_address>
         <run_address>0xdfc7</run_address>
         <size>0x21f</size>
         <input_file_ref idref="fl-ca"/>
      </object_component>
      <object_component id="oc-26a">
         <name>.debug_info</name>
         <load_address>0xe1e6</load_address>
         <run_address>0xe1e6</run_address>
         <size>0x1b4</size>
         <input_file_ref idref="fl-ca"/>
      </object_component>
      <object_component id="oc-270">
         <name>.debug_info</name>
         <load_address>0xe39a</load_address>
         <run_address>0xe39a</run_address>
         <size>0x21c</size>
         <input_file_ref idref="fl-ca"/>
      </object_component>
      <object_component id="oc-1df">
         <name>.debug_info</name>
         <load_address>0xe5b6</load_address>
         <run_address>0xe5b6</run_address>
         <size>0x3bc</size>
         <input_file_ref idref="fl-ca"/>
      </object_component>
      <object_component id="oc-276">
         <name>.debug_info</name>
         <load_address>0xe972</load_address>
         <run_address>0xe972</run_address>
         <size>0x306</size>
         <input_file_ref idref="fl-ca"/>
      </object_component>
      <object_component id="oc-27d">
         <name>.debug_info</name>
         <load_address>0xec78</load_address>
         <run_address>0xec78</run_address>
         <size>0x216</size>
         <input_file_ref idref="fl-ca"/>
      </object_component>
      <object_component id="oc-1e6">
         <name>.debug_info</name>
         <load_address>0xee8e</load_address>
         <run_address>0xee8e</run_address>
         <size>0x216</size>
         <input_file_ref idref="fl-ca"/>
      </object_component>
      <object_component id="oc-1ec">
         <name>.debug_info</name>
         <load_address>0xf0a4</load_address>
         <run_address>0xf0a4</run_address>
         <size>0x305</size>
         <input_file_ref idref="fl-ca"/>
      </object_component>
      <object_component id="oc-1f1">
         <name>.debug_info</name>
         <load_address>0xf3a9</load_address>
         <run_address>0xf3a9</run_address>
         <size>0x4b1</size>
         <input_file_ref idref="fl-ca"/>
      </object_component>
      <object_component id="oc-178">
         <name>.debug_info</name>
         <load_address>0xf85a</load_address>
         <run_address>0xf85a</run_address>
         <size>0x5f5</size>
         <input_file_ref idref="fl-ca"/>
      </object_component>
      <object_component id="oc-209">
         <name>.debug_info</name>
         <load_address>0xfe4f</load_address>
         <run_address>0xfe4f</run_address>
         <size>0x86</size>
         <input_file_ref idref="fl-ca"/>
      </object_component>
      <object_component id="oc-2aa">
         <name>.debug_info</name>
         <load_address>0xfed5</load_address>
         <run_address>0xfed5</run_address>
         <size>0x39</size>
         <input_file_ref idref="fl-ca"/>
      </object_component>
      <object_component id="oc-2f5">
         <name>.debug_info</name>
         <load_address>0xff0e</load_address>
         <run_address>0xff0e</run_address>
         <size>0xb6</size>
         <input_file_ref idref="fl-ca"/>
      </object_component>
      <object_component id="oc-2af">
         <name>.debug_info</name>
         <load_address>0xffc4</load_address>
         <run_address>0xffc4</run_address>
         <size>0x46</size>
         <input_file_ref idref="fl-ca"/>
      </object_component>
      <object_component id="oc-20e">
         <name>.debug_info</name>
         <load_address>0x1000a</load_address>
         <run_address>0x1000a</run_address>
         <size>0x46</size>
         <input_file_ref idref="fl-ca"/>
      </object_component>
      <object_component id="oc-2d8">
         <name>.debug_info</name>
         <load_address>0x10050</load_address>
         <run_address>0x10050</run_address>
         <size>0x29b</size>
         <input_file_ref idref="fl-cb"/>
      </object_component>
      <object_component id="oc-285">
         <name>.debug_info</name>
         <load_address>0x102eb</load_address>
         <run_address>0x102eb</run_address>
         <size>0x196</size>
         <input_file_ref idref="fl-cb"/>
      </object_component>
      <object_component id="oc-2ff">
         <name>.debug_info</name>
         <load_address>0x10481</load_address>
         <run_address>0x10481</run_address>
         <size>0x39</size>
         <input_file_ref idref="fl-cb"/>
      </object_component>
      <object_component id="oc-2d9">
         <name>.debug_info</name>
         <load_address>0x104ba</load_address>
         <run_address>0x104ba</run_address>
         <size>0x2c</size>
         <input_file_ref idref="fl-cb"/>
      </object_component>
      <object_component id="oc-2e5">
         <name>.debug_info</name>
         <load_address>0x104e6</load_address>
         <run_address>0x104e6</run_address>
         <size>0x2fe</size>
         <input_file_ref idref="fl-cc"/>
      </object_component>
      <object_component id="oc-28a">
         <name>.debug_info</name>
         <load_address>0x107e4</load_address>
         <run_address>0x107e4</run_address>
         <size>0x226</size>
         <input_file_ref idref="fl-cc"/>
      </object_component>
      <object_component id="oc-23f">
         <name>.debug_info</name>
         <load_address>0x10a0a</load_address>
         <run_address>0x10a0a</run_address>
         <size>0x135</size>
         <input_file_ref idref="fl-cd"/>
      </object_component>
      <object_component id="oc-a5">
         <name>.debug_info</name>
         <load_address>0x10b3f</load_address>
         <run_address>0x10b3f</run_address>
         <size>0x148</size>
         <input_file_ref idref="fl-ce"/>
      </object_component>
      <object_component id="oc-263">
         <name>.debug_info</name>
         <load_address>0x10c87</load_address>
         <run_address>0x10c87</run_address>
         <size>0x14d</size>
         <input_file_ref idref="fl-cf"/>
      </object_component>
      <object_component id="oc-1da">
         <name>.debug_info</name>
         <load_address>0x10dd4</load_address>
         <run_address>0x10dd4</run_address>
         <size>0x129</size>
         <input_file_ref idref="fl-d0"/>
      </object_component>
      <object_component id="oc-24e">
         <name>.debug_info</name>
         <load_address>0x10efd</load_address>
         <run_address>0x10efd</run_address>
         <size>0x12b</size>
         <input_file_ref idref="fl-d0"/>
      </object_component>
      <object_component id="oc-249">
         <name>.debug_info</name>
         <load_address>0x11028</load_address>
         <run_address>0x11028</run_address>
         <size>0x13b</size>
         <input_file_ref idref="fl-d1"/>
      </object_component>
      <object_component id="oc-246">
         <name>.debug_info</name>
         <load_address>0x11163</load_address>
         <run_address>0x11163</run_address>
         <size>0x13b</size>
         <input_file_ref idref="fl-d2"/>
      </object_component>
      <object_component id="oc-255">
         <name>.debug_info</name>
         <load_address>0x1129e</load_address>
         <run_address>0x1129e</run_address>
         <size>0x12f</size>
         <input_file_ref idref="fl-d3"/>
      </object_component>
      <object_component id="oc-25e">
         <name>.debug_info</name>
         <load_address>0x113cd</load_address>
         <run_address>0x113cd</run_address>
         <size>0x12d</size>
         <input_file_ref idref="fl-d4"/>
      </object_component>
      <object_component id="oc-1ac">
         <name>.debug_info</name>
         <load_address>0x114fa</load_address>
         <run_address>0x114fa</run_address>
         <size>0x4b4</size>
         <input_file_ref idref="fl-d5"/>
      </object_component>
      <object_component id="oc-121">
         <name>.debug_info</name>
         <load_address>0x119ae</load_address>
         <run_address>0x119ae</run_address>
         <size>0x1a7</size>
         <input_file_ref idref="fl-d5"/>
      </object_component>
      <object_component id="oc-229">
         <name>.debug_info</name>
         <load_address>0x11b55</load_address>
         <run_address>0x11b55</run_address>
         <size>0x39</size>
         <input_file_ref idref="fl-d5"/>
      </object_component>
      <object_component id="oc-2b7">
         <name>.debug_info</name>
         <load_address>0x11b8e</load_address>
         <run_address>0x11b8e</run_address>
         <size>0x39</size>
         <input_file_ref idref="fl-d5"/>
      </object_component>
      <object_component id="oc-22e">
         <name>.debug_info</name>
         <load_address>0x11bc7</load_address>
         <run_address>0x11bc7</run_address>
         <size>0x39</size>
         <input_file_ref idref="fl-d5"/>
      </object_component>
      <object_component id="oc-233">
         <name>.debug_info</name>
         <load_address>0x11c00</load_address>
         <run_address>0x11c00</run_address>
         <size>0xcd</size>
         <input_file_ref idref="fl-d5"/>
      </object_component>
      <object_component id="oc-ab">
         <name>.debug_info</name>
         <load_address>0x11ccd</load_address>
         <run_address>0x11ccd</run_address>
         <size>0x154</size>
         <input_file_ref idref="fl-d6"/>
      </object_component>
      <object_component id="oc-112">
         <name>.debug_info</name>
         <load_address>0x11e21</load_address>
         <run_address>0x11e21</run_address>
         <size>0x123</size>
         <input_file_ref idref="fl-d8"/>
      </object_component>
      <object_component id="oc-2d0">
         <name>.debug_info</name>
         <load_address>0x11f44</load_address>
         <run_address>0x11f44</run_address>
         <size>0x29c</size>
         <input_file_ref idref="fl-db"/>
      </object_component>
      <object_component id="oc-258">
         <name>.debug_info</name>
         <load_address>0x121e0</load_address>
         <run_address>0x121e0</run_address>
         <size>0x1ce</size>
         <input_file_ref idref="fl-db"/>
      </object_component>
      <object_component id="oc-296">
         <name>.debug_info</name>
         <load_address>0x123ae</load_address>
         <run_address>0x123ae</run_address>
         <size>0x297</size>
         <input_file_ref idref="fl-dc"/>
      </object_component>
      <object_component id="oc-1f6">
         <name>.debug_info</name>
         <load_address>0x12645</load_address>
         <run_address>0x12645</run_address>
         <size>0x1b7</size>
         <input_file_ref idref="fl-dc"/>
      </object_component>
      <object_component id="oc-2e7">
         <name>.debug_info</name>
         <load_address>0x127fc</load_address>
         <run_address>0x127fc</run_address>
         <size>0x29b</size>
         <input_file_ref idref="fl-dd"/>
      </object_component>
      <object_component id="oc-28f">
         <name>.debug_info</name>
         <load_address>0x12a97</load_address>
         <run_address>0x12a97</run_address>
         <size>0x263</size>
         <input_file_ref idref="fl-dd"/>
      </object_component>
      <object_component id="oc-23b">
         <name>.debug_info</name>
         <load_address>0x12cfa</load_address>
         <run_address>0x12cfa</run_address>
         <size>0x290</size>
         <input_file_ref idref="fl-de"/>
      </object_component>
      <object_component id="oc-1ce">
         <name>.debug_info</name>
         <load_address>0x12f8a</load_address>
         <run_address>0x12f8a</run_address>
         <size>0x246</size>
         <input_file_ref idref="fl-de"/>
      </object_component>
      <object_component id="oc-2a2">
         <name>.debug_info</name>
         <load_address>0x131d0</load_address>
         <run_address>0x131d0</run_address>
         <size>0x28a</size>
         <input_file_ref idref="fl-df"/>
      </object_component>
      <object_component id="oc-29f">
         <name>.debug_info</name>
         <load_address>0x1345a</load_address>
         <run_address>0x1345a</run_address>
         <size>0x10f</size>
         <input_file_ref idref="fl-df"/>
      </object_component>
      <object_component id="oc-204">
         <name>.debug_info</name>
         <load_address>0x13569</load_address>
         <run_address>0x13569</run_address>
         <size>0x14f</size>
         <input_file_ref idref="fl-df"/>
      </object_component>
      <object_component id="oc-29d">
         <name>.debug_info</name>
         <load_address>0x136b8</load_address>
         <run_address>0x136b8</run_address>
         <size>0x290</size>
         <input_file_ref idref="fl-e0"/>
      </object_component>
      <object_component id="oc-1fd">
         <name>.debug_info</name>
         <load_address>0x13948</load_address>
         <run_address>0x13948</run_address>
         <size>0x15b</size>
         <input_file_ref idref="fl-e0"/>
      </object_component>
      <object_component id="oc-2ea">
         <name>.debug_info</name>
         <load_address>0x13aa3</load_address>
         <run_address>0x13aa3</run_address>
         <size>0x46</size>
         <input_file_ref idref="fl-e0"/>
      </object_component>
      <object_component id="oc-298">
         <name>.debug_info</name>
         <load_address>0x13ae9</load_address>
         <run_address>0x13ae9</run_address>
         <size>0x39</size>
         <input_file_ref idref="fl-e0"/>
      </object_component>
      <object_component id="oc-2e1">
         <name>.debug_info</name>
         <load_address>0x13b22</load_address>
         <run_address>0x13b22</run_address>
         <size>0x162</size>
         <input_file_ref idref="fl-e1"/>
      </object_component>
      <object_component id="oc-2c6">
         <name>.debug_info</name>
         <load_address>0x13c84</load_address>
         <run_address>0x13c84</run_address>
         <size>0x116</size>
         <input_file_ref idref="fl-e2"/>
      </object_component>
      <object_component id="oc-335">
         <name>.debug_info</name>
         <load_address>0x13d9a</load_address>
         <run_address>0x13d9a</run_address>
         <size>0xd1</size>
      </object_component>
      <object_component id="oc-150">
         <name>.debug_line</name>
         <load_address>0x0</load_address>
         <run_address>0x0</run_address>
         <size>0xba</size>
         <input_file_ref idref="fl-2"/>
      </object_component>
      <object_component id="oc-1c7">
         <name>.debug_line</name>
         <load_address>0xba</load_address>
         <run_address>0xba</run_address>
         <size>0x2d</size>
         <input_file_ref idref="fl-2"/>
      </object_component>
      <object_component id="oc-1c5">
         <name>.debug_line</name>
         <load_address>0xe7</load_address>
         <run_address>0xe7</run_address>
         <size>0x2d</size>
         <input_file_ref idref="fl-2"/>
      </object_component>
      <object_component id="oc-198">
         <name>.debug_line</name>
         <load_address>0x114</load_address>
         <run_address>0x114</run_address>
         <size>0x2d</size>
         <input_file_ref idref="fl-2"/>
      </object_component>
      <object_component id="oc-1a0">
         <name>.debug_line</name>
         <load_address>0x141</load_address>
         <run_address>0x141</run_address>
         <size>0x2d</size>
         <input_file_ref idref="fl-2"/>
      </object_component>
      <object_component id="oc-19c">
         <name>.debug_line</name>
         <load_address>0x16e</load_address>
         <run_address>0x16e</run_address>
         <size>0x2d</size>
         <input_file_ref idref="fl-2"/>
      </object_component>
      <object_component id="oc-1c9">
         <name>.debug_line</name>
         <load_address>0x19b</load_address>
         <run_address>0x19b</run_address>
         <size>0x2d</size>
         <input_file_ref idref="fl-2"/>
      </object_component>
      <object_component id="oc-e5">
         <name>.debug_line</name>
         <load_address>0x1c8</load_address>
         <run_address>0x1c8</run_address>
         <size>0x173d</size>
         <input_file_ref idref="fl-2"/>
      </object_component>
      <object_component id="oc-8c">
         <name>.debug_line</name>
         <load_address>0x1905</load_address>
         <run_address>0x1905</run_address>
         <size>0x69</size>
         <input_file_ref idref="fl-2"/>
      </object_component>
      <object_component id="oc-159">
         <name>.debug_line</name>
         <load_address>0x196e</load_address>
         <run_address>0x196e</run_address>
         <size>0x2d</size>
         <input_file_ref idref="fl-2"/>
      </object_component>
      <object_component id="oc-80">
         <name>.debug_line</name>
         <load_address>0x199b</load_address>
         <run_address>0x199b</run_address>
         <size>0x20</size>
         <input_file_ref idref="fl-2"/>
      </object_component>
      <object_component id="oc-85">
         <name>.debug_line</name>
         <load_address>0x19bb</load_address>
         <run_address>0x19bb</run_address>
         <size>0x2e</size>
         <input_file_ref idref="fl-2"/>
      </object_component>
      <object_component id="oc-c6">
         <name>.debug_line</name>
         <load_address>0x19e9</load_address>
         <run_address>0x19e9</run_address>
         <size>0x6d</size>
         <input_file_ref idref="fl-2"/>
      </object_component>
      <object_component id="oc-7b">
         <name>.debug_line</name>
         <load_address>0x1a56</load_address>
         <run_address>0x1a56</run_address>
         <size>0x6a</size>
         <input_file_ref idref="fl-2"/>
      </object_component>
      <object_component id="oc-154">
         <name>.debug_line</name>
         <load_address>0x1ac0</load_address>
         <run_address>0x1ac0</run_address>
         <size>0x2d</size>
         <input_file_ref idref="fl-2"/>
      </object_component>
      <object_component id="oc-15e">
         <name>.debug_line</name>
         <load_address>0x1aed</load_address>
         <run_address>0x1aed</run_address>
         <size>0x86</size>
         <input_file_ref idref="fl-2"/>
      </object_component>
      <object_component id="oc-190">
         <name>.debug_line</name>
         <load_address>0x1b73</load_address>
         <run_address>0x1b73</run_address>
         <size>0xfd</size>
         <input_file_ref idref="fl-3"/>
      </object_component>
      <object_component id="oc-19a">
         <name>.debug_line</name>
         <load_address>0x1c70</load_address>
         <run_address>0x1c70</run_address>
         <size>0x31</size>
         <input_file_ref idref="fl-3"/>
      </object_component>
      <object_component id="oc-b4">
         <name>.debug_line</name>
         <load_address>0x1ca1</load_address>
         <run_address>0x1ca1</run_address>
         <size>0x573</size>
         <input_file_ref idref="fl-3"/>
      </object_component>
      <object_component id="oc-18d">
         <name>.debug_line</name>
         <load_address>0x2214</load_address>
         <run_address>0x2214</run_address>
         <size>0x65</size>
         <input_file_ref idref="fl-3"/>
      </object_component>
      <object_component id="oc-194">
         <name>.debug_line</name>
         <load_address>0x2279</load_address>
         <run_address>0x2279</run_address>
         <size>0x31</size>
         <input_file_ref idref="fl-3"/>
      </object_component>
      <object_component id="oc-1c2">
         <name>.debug_line</name>
         <load_address>0x22aa</load_address>
         <run_address>0x22aa</run_address>
         <size>0x20</size>
         <input_file_ref idref="fl-4"/>
      </object_component>
      <object_component id="oc-db">
         <name>.debug_line</name>
         <load_address>0x22ca</load_address>
         <run_address>0x22ca</run_address>
         <size>0x39a</size>
         <input_file_ref idref="fl-4"/>
      </object_component>
      <object_component id="oc-167">
         <name>.debug_line</name>
         <load_address>0x2664</load_address>
         <run_address>0x2664</run_address>
         <size>0xdd</size>
         <input_file_ref idref="fl-5"/>
      </object_component>
      <object_component id="oc-3c">
         <name>.debug_line</name>
         <load_address>0x2741</load_address>
         <run_address>0x2741</run_address>
         <size>0x20</size>
         <input_file_ref idref="fl-5"/>
      </object_component>
      <object_component id="oc-c2">
         <name>.debug_line</name>
         <load_address>0x2761</load_address>
         <run_address>0x2761</run_address>
         <size>0x2e</size>
         <input_file_ref idref="fl-6"/>
      </object_component>
      <object_component id="oc-2e">
         <name>.debug_line</name>
         <load_address>0x278f</load_address>
         <run_address>0x278f</run_address>
         <size>0x18f</size>
         <input_file_ref idref="fl-6"/>
      </object_component>
      <object_component id="oc-88">
         <name>.debug_line</name>
         <load_address>0x291e</load_address>
         <run_address>0x291e</run_address>
         <size>0x41</size>
         <input_file_ref idref="fl-7"/>
      </object_component>
      <object_component id="oc-31">
         <name>.debug_line</name>
         <load_address>0x295f</load_address>
         <run_address>0x295f</run_address>
         <size>0x41</size>
         <input_file_ref idref="fl-7"/>
      </object_component>
      <object_component id="oc-29">
         <name>.debug_line</name>
         <load_address>0x29a0</load_address>
         <run_address>0x29a0</run_address>
         <size>0xa1</size>
         <input_file_ref idref="fl-7"/>
      </object_component>
      <object_component id="oc-1cb">
         <name>.debug_line</name>
         <load_address>0x2a41</load_address>
         <run_address>0x2a41</run_address>
         <size>0x20</size>
         <input_file_ref idref="fl-8"/>
      </object_component>
      <object_component id="oc-ea">
         <name>.debug_line</name>
         <load_address>0x2a61</load_address>
         <run_address>0x2a61</run_address>
         <size>0xec</size>
         <input_file_ref idref="fl-8"/>
      </object_component>
      <object_component id="oc-fa">
         <name>.debug_line</name>
         <load_address>0x2b4d</load_address>
         <run_address>0x2b4d</run_address>
         <size>0x52</size>
         <input_file_ref idref="fl-9"/>
      </object_component>
      <object_component id="oc-216">
         <name>.debug_line</name>
         <load_address>0x2b9f</load_address>
         <run_address>0x2b9f</run_address>
         <size>0x2d</size>
         <input_file_ref idref="fl-c3"/>
      </object_component>
      <object_component id="oc-f1">
         <name>.debug_line</name>
         <load_address>0x2bcc</load_address>
         <run_address>0x2bcc</run_address>
         <size>0x4b</size>
         <input_file_ref idref="fl-c3"/>
      </object_component>
      <object_component id="oc-17e">
         <name>.debug_line</name>
         <load_address>0x2c17</load_address>
         <run_address>0x2c17</run_address>
         <size>0x4b</size>
         <input_file_ref idref="fl-c3"/>
      </object_component>
      <object_component id="oc-187">
         <name>.debug_line</name>
         <load_address>0x2c62</load_address>
         <run_address>0x2c62</run_address>
         <size>0x3f</size>
         <input_file_ref idref="fl-c3"/>
      </object_component>
      <object_component id="oc-2a8">
         <name>.debug_line</name>
         <load_address>0x2ca1</load_address>
         <run_address>0x2ca1</run_address>
         <size>0x91</size>
         <input_file_ref idref="fl-c3"/>
      </object_component>
      <object_component id="oc-42">
         <name>.debug_line</name>
         <load_address>0x2d32</load_address>
         <run_address>0x2d32</run_address>
         <size>0x88</size>
         <input_file_ref idref="fl-c4"/>
      </object_component>
      <object_component id="oc-d7">
         <name>.debug_line</name>
         <load_address>0x2dba</load_address>
         <run_address>0x2dba</run_address>
         <size>0x92</size>
         <input_file_ref idref="fl-c5"/>
      </object_component>
      <object_component id="oc-4c">
         <name>.debug_line</name>
         <load_address>0x2e4c</load_address>
         <run_address>0x2e4c</run_address>
         <size>0x56</size>
         <input_file_ref idref="fl-c5"/>
      </object_component>
      <object_component id="oc-a0">
         <name>.debug_line</name>
         <load_address>0x2ea2</load_address>
         <run_address>0x2ea2</run_address>
         <size>0x34</size>
         <input_file_ref idref="fl-c5"/>
      </object_component>
      <object_component id="oc-d4">
         <name>.debug_line</name>
         <load_address>0x2ed6</load_address>
         <run_address>0x2ed6</run_address>
         <size>0x92</size>
         <input_file_ref idref="fl-c5"/>
      </object_component>
      <object_component id="oc-9b">
         <name>.debug_line</name>
         <load_address>0x2f68</load_address>
         <run_address>0x2f68</run_address>
         <size>0x20</size>
         <input_file_ref idref="fl-c6"/>
      </object_component>
      <object_component id="oc-1a">
         <name>.debug_line</name>
         <load_address>0x2f88</load_address>
         <run_address>0x2f88</run_address>
         <size>0x55</size>
         <input_file_ref idref="fl-c6"/>
      </object_component>
      <object_component id="oc-47">
         <name>.debug_line</name>
         <load_address>0x2fdd</load_address>
         <run_address>0x2fdd</run_address>
         <size>0x3a</size>
         <input_file_ref idref="fl-c6"/>
      </object_component>
      <object_component id="oc-98">
         <name>.debug_line</name>
         <load_address>0x3017</load_address>
         <run_address>0x3017</run_address>
         <size>0x92</size>
         <input_file_ref idref="fl-c6"/>
      </object_component>
      <object_component id="oc-d0">
         <name>.debug_line</name>
         <load_address>0x30a9</load_address>
         <run_address>0x30a9</run_address>
         <size>0x20</size>
         <input_file_ref idref="fl-c7"/>
      </object_component>
      <object_component id="oc-15">
         <name>.debug_line</name>
         <load_address>0x30c9</load_address>
         <run_address>0x30c9</run_address>
         <size>0xa9</size>
         <input_file_ref idref="fl-c7"/>
      </object_component>
      <object_component id="oc-37">
         <name>.debug_line</name>
         <load_address>0x3172</load_address>
         <run_address>0x3172</run_address>
         <size>0x3a</size>
         <input_file_ref idref="fl-c7"/>
      </object_component>
      <object_component id="oc-cd">
         <name>.debug_line</name>
         <load_address>0x31ac</load_address>
         <run_address>0x31ac</run_address>
         <size>0x9a</size>
         <input_file_ref idref="fl-c7"/>
      </object_component>
      <object_component id="oc-91">
         <name>.debug_line</name>
         <load_address>0x3246</load_address>
         <run_address>0x3246</run_address>
         <size>0x96</size>
         <input_file_ref idref="fl-c7"/>
      </object_component>
      <object_component id="oc-218">
         <name>.debug_line</name>
         <load_address>0x32dc</load_address>
         <run_address>0x32dc</run_address>
         <size>0x20</size>
         <input_file_ref idref="fl-c8"/>
      </object_component>
      <object_component id="oc-107">
         <name>.debug_line</name>
         <load_address>0x32fc</load_address>
         <run_address>0x32fc</run_address>
         <size>0xad</size>
         <input_file_ref idref="fl-c8"/>
      </object_component>
      <object_component id="oc-6f">
         <name>.debug_line</name>
         <load_address>0x33a9</load_address>
         <run_address>0x33a9</run_address>
         <size>0x33</size>
         <input_file_ref idref="fl-c9"/>
      </object_component>
      <object_component id="oc-5d">
         <name>.debug_line</name>
         <load_address>0x33dc</load_address>
         <run_address>0x33dc</run_address>
         <size>0x45</size>
         <input_file_ref idref="fl-c9"/>
      </object_component>
      <object_component id="oc-2a4">
         <name>.debug_line</name>
         <load_address>0x3421</load_address>
         <run_address>0x3421</run_address>
         <size>0x264</size>
         <input_file_ref idref="fl-ca"/>
      </object_component>
      <object_component id="oc-1d4">
         <name>.debug_line</name>
         <load_address>0x3685</load_address>
         <run_address>0x3685</run_address>
         <size>0x7a</size>
         <input_file_ref idref="fl-ca"/>
      </object_component>
      <object_component id="oc-269">
         <name>.debug_line</name>
         <load_address>0x36ff</load_address>
         <run_address>0x36ff</run_address>
         <size>0x51</size>
         <input_file_ref idref="fl-ca"/>
      </object_component>
      <object_component id="oc-26f">
         <name>.debug_line</name>
         <load_address>0x3750</load_address>
         <run_address>0x3750</run_address>
         <size>0x88</size>
         <input_file_ref idref="fl-ca"/>
      </object_component>
      <object_component id="oc-1e2">
         <name>.debug_line</name>
         <load_address>0x37d8</load_address>
         <run_address>0x37d8</run_address>
         <size>0x14d</size>
         <input_file_ref idref="fl-ca"/>
      </object_component>
      <object_component id="oc-279">
         <name>.debug_line</name>
         <load_address>0x3925</load_address>
         <run_address>0x3925</run_address>
         <size>0xee</size>
         <input_file_ref idref="fl-ca"/>
      </object_component>
      <object_component id="oc-27c">
         <name>.debug_line</name>
         <load_address>0x3a13</load_address>
         <run_address>0x3a13</run_address>
         <size>0x5d</size>
         <input_file_ref idref="fl-ca"/>
      </object_component>
      <object_component id="oc-1e5">
         <name>.debug_line</name>
         <load_address>0x3a70</load_address>
         <run_address>0x3a70</run_address>
         <size>0x5c</size>
         <input_file_ref idref="fl-ca"/>
      </object_component>
      <object_component id="oc-1eb">
         <name>.debug_line</name>
         <load_address>0x3acc</load_address>
         <run_address>0x3acc</run_address>
         <size>0xae</size>
         <input_file_ref idref="fl-ca"/>
      </object_component>
      <object_component id="oc-1f4">
         <name>.debug_line</name>
         <load_address>0x3b7a</load_address>
         <run_address>0x3b7a</run_address>
         <size>0x1b0</size>
         <input_file_ref idref="fl-ca"/>
      </object_component>
      <object_component id="oc-17b">
         <name>.debug_line</name>
         <load_address>0x3d2a</load_address>
         <run_address>0x3d2a</run_address>
         <size>0x777</size>
         <input_file_ref idref="fl-ca"/>
      </object_component>
      <object_component id="oc-20c">
         <name>.debug_line</name>
         <load_address>0x44a1</load_address>
         <run_address>0x44a1</run_address>
         <size>0x92</size>
         <input_file_ref idref="fl-ca"/>
      </object_component>
      <object_component id="oc-2ad">
         <name>.debug_line</name>
         <load_address>0x4533</load_address>
         <run_address>0x4533</run_address>
         <size>0x92</size>
         <input_file_ref idref="fl-ca"/>
      </object_component>
      <object_component id="oc-2f8">
         <name>.debug_line</name>
         <load_address>0x45c5</load_address>
         <run_address>0x45c5</run_address>
         <size>0x9a</size>
         <input_file_ref idref="fl-ca"/>
      </object_component>
      <object_component id="oc-2b2">
         <name>.debug_line</name>
         <load_address>0x465f</load_address>
         <run_address>0x465f</run_address>
         <size>0x97</size>
         <input_file_ref idref="fl-ca"/>
      </object_component>
      <object_component id="oc-211">
         <name>.debug_line</name>
         <load_address>0x46f6</load_address>
         <run_address>0x46f6</run_address>
         <size>0x2e</size>
         <input_file_ref idref="fl-ca"/>
      </object_component>
      <object_component id="oc-2fe">
         <name>.debug_line</name>
         <load_address>0x4724</load_address>
         <run_address>0x4724</run_address>
         <size>0x20</size>
         <input_file_ref idref="fl-cb"/>
      </object_component>
      <object_component id="oc-283">
         <name>.debug_line</name>
         <load_address>0x4744</load_address>
         <run_address>0x4744</run_address>
         <size>0x5e</size>
         <input_file_ref idref="fl-cb"/>
      </object_component>
      <object_component id="oc-302">
         <name>.debug_line</name>
         <load_address>0x47a2</load_address>
         <run_address>0x47a2</run_address>
         <size>0x9a</size>
         <input_file_ref idref="fl-cb"/>
      </object_component>
      <object_component id="oc-2dc">
         <name>.debug_line</name>
         <load_address>0x483c</load_address>
         <run_address>0x483c</run_address>
         <size>0x97</size>
         <input_file_ref idref="fl-cb"/>
      </object_component>
      <object_component id="oc-306">
         <name>.debug_line</name>
         <load_address>0x48d3</load_address>
         <run_address>0x48d3</run_address>
         <size>0x9b</size>
         <input_file_ref idref="fl-cc"/>
      </object_component>
      <object_component id="oc-28c">
         <name>.debug_line</name>
         <load_address>0x496e</load_address>
         <run_address>0x496e</run_address>
         <size>0x9c</size>
         <input_file_ref idref="fl-cc"/>
      </object_component>
      <object_component id="oc-23e">
         <name>.debug_line</name>
         <load_address>0x4a0a</load_address>
         <run_address>0x4a0a</run_address>
         <size>0x81</size>
         <input_file_ref idref="fl-cd"/>
      </object_component>
      <object_component id="oc-a7">
         <name>.debug_line</name>
         <load_address>0x4a8b</load_address>
         <run_address>0x4a8b</run_address>
         <size>0x79</size>
         <input_file_ref idref="fl-ce"/>
      </object_component>
      <object_component id="oc-266">
         <name>.debug_line</name>
         <load_address>0x4b04</load_address>
         <run_address>0x4b04</run_address>
         <size>0xd2</size>
         <input_file_ref idref="fl-cf"/>
      </object_component>
      <object_component id="oc-1d9">
         <name>.debug_line</name>
         <load_address>0x4bd6</load_address>
         <run_address>0x4bd6</run_address>
         <size>0x77</size>
         <input_file_ref idref="fl-d0"/>
      </object_component>
      <object_component id="oc-251">
         <name>.debug_line</name>
         <load_address>0x4c4d</load_address>
         <run_address>0x4c4d</run_address>
         <size>0x77</size>
         <input_file_ref idref="fl-d0"/>
      </object_component>
      <object_component id="oc-24c">
         <name>.debug_line</name>
         <load_address>0x4cc4</load_address>
         <run_address>0x4cc4</run_address>
         <size>0xa8</size>
         <input_file_ref idref="fl-d1"/>
      </object_component>
      <object_component id="oc-245">
         <name>.debug_line</name>
         <load_address>0x4d6c</load_address>
         <run_address>0x4d6c</run_address>
         <size>0x8e</size>
         <input_file_ref idref="fl-d2"/>
      </object_component>
      <object_component id="oc-253">
         <name>.debug_line</name>
         <load_address>0x4dfa</load_address>
         <run_address>0x4dfa</run_address>
         <size>0x5a</size>
         <input_file_ref idref="fl-d3"/>
      </object_component>
      <object_component id="oc-261">
         <name>.debug_line</name>
         <load_address>0x4e54</load_address>
         <run_address>0x4e54</run_address>
         <size>0x50</size>
         <input_file_ref idref="fl-d4"/>
      </object_component>
      <object_component id="oc-228">
         <name>.debug_line</name>
         <load_address>0x4ea4</load_address>
         <run_address>0x4ea4</run_address>
         <size>0xbf</size>
         <input_file_ref idref="fl-d5"/>
      </object_component>
      <object_component id="oc-120">
         <name>.debug_line</name>
         <load_address>0x4f63</load_address>
         <run_address>0x4f63</run_address>
         <size>0x6f</size>
         <input_file_ref idref="fl-d5"/>
      </object_component>
      <object_component id="oc-22c">
         <name>.debug_line</name>
         <load_address>0x4fd2</load_address>
         <run_address>0x4fd2</run_address>
         <size>0x2e</size>
         <input_file_ref idref="fl-d5"/>
      </object_component>
      <object_component id="oc-2ba">
         <name>.debug_line</name>
         <load_address>0x5000</load_address>
         <run_address>0x5000</run_address>
         <size>0x9a</size>
         <input_file_ref idref="fl-d5"/>
      </object_component>
      <object_component id="oc-231">
         <name>.debug_line</name>
         <load_address>0x509a</load_address>
         <run_address>0x509a</run_address>
[...]
      <symbol id="sm-25b">
         <name>etherPutPacket</name>
         <value>0x791</value>
         <object_component_ref idref="oc-e0"/>
      </symbol>
      <symbol id="sm-25c">
         <name>sendTCPSynAck</name>
         <value>0x27f5</value>
         <object_component_ref idref="oc-e0"/>
      </symbol>
      <symbol id="sm-25d">
         <name>isDHCPAck</name>
         <value>0x2049</value>
         <object_component_ref idref="oc-e0"/>
      </symbol>
      <symbol id="sm-25e">
         <name>isTcpListen</name>
         <value>0x2797</value>
         <object_component_ref idref="oc-e0"/>
      </symbol>
      <symbol id="sm-25f">
         <name>sequenceId</name>
         <value>0x20001184</value>
         <object_component_ref idref="oc-16b"/>
      </symbol>
      <symbol id="sm-260">
         <name>sendTCPFin</name>
         <value>0x2fd5</value>
         <object_component_ref idref="oc-e0"/>
      </symbol>
      <symbol id="sm-36a">
         <name>shell1</name>
         <value>0x20001000</value>
      </symbol>
      <symbol id="sm-36b">
         <name>state</name>
         <value>0x200010ba</value>
      </symbol>
      <symbol id="sm-36c">
         <name>initHw</name>
         <value>0x3429</value>
         <object_component_ref idref="oc-af"/>
      </symbol>
      <symbol id="sm-36d">
         <name>reverse</name>
         <value>0x392b</value>
         <object_component_ref idref="oc-af"/>
      </symbol>
      <symbol id="sm-36e">
         <name>isCommand</name>
         <value>0x38fb</value>
         <object_component_ref idref="oc-af"/>
      </symbol>
      <symbol id="sm-36f">
         <name>cb_renew</name>
         <value>0x3adf</value>
         <object_component_ref idref="oc-af"/>
      </symbol>
      <symbol id="sm-370">
         <name>writeEeprom</name>
         <value>0x3a77</value>
         <object_component_ref idref="oc-af"/>
      </symbol>
      <symbol id="sm-371">
         <name>cb_discover</name>
         <value>0x3acf</value>
         <object_component_ref idref="oc-af"/>
      </symbol>
      <symbol id="sm-372">
         <name>atoi</name>
         <value>0x3a1d</value>
         <object_component_ref idref="oc-af"/>
      </symbol>
      <symbol id="sm-373">
         <name>getArgString</name>
         <value>0x3877</value>
         <object_component_ref idref="oc-af"/>
      </symbol>
      <symbol id="sm-374">
         <name>cmp</name>
         <value>0x3893</value>
         <object_component_ref idref="oc-af"/>
      </symbol>
      <symbol id="sm-375">
         <name>displayConnectionInfo</name>
         <value>0x345f</value>
         <object_component_ref idref="oc-af"/>
      </symbol>
      <symbol id="sm-376">
         <name>cb_init</name>
         <value>0x3b09</value>
         <object_component_ref idref="oc-af"/>
      </symbol>
      <symbol id="sm-377">
         <name>main</name>
         <value>0x3b31</value>
         <object_component_ref idref="oc-af"/>
      </symbol>
      <symbol id="sm-378">
         <name>parseString</name>
         <value>0x36cd</value>
         <object_component_ref idref="oc-af"/>
      </symbol>
      <symbol id="sm-379">
         <name>initEeprom</name>
         <value>0x3a61</value>
         <object_component_ref idref="oc-af"/>
      </symbol>
      <symbol id="sm-37a">
         <name>getString</name>
         <value>0x35e9</value>
         <object_component_ref idref="oc-af"/>
      </symbol>
      <symbol id="sm-37b">
         <name>tcpstate</name>
         <value>0x20001192</value>
         <object_component_ref idref="oc-ff"/>
      </symbol>
      <symbol id="sm-37c">
         <name>readEeprom</name>
         <value>0x3aa9</value>
         <object_component_ref idref="oc-af"/>
      </symbol>
      <symbol id="sm-37d">
         <name>itoa</name>
         <value>0x3999</value>
         <object_component_ref idref="oc-af"/>
      </symbol>
      <symbol id="sm-37e">
         <name>tcp</name>
         <value>0x20001193</value>
         <object_component_ref idref="oc-ff"/>
      </symbol>
      <symbol id="sm-37f">
         <name>cb_rebind</name>
         <value>0x3af1</value>
         <object_component_ref idref="oc-af"/>
      </symbol>
      <symbol id="sm-380">
         <name>cb_request</name>
         <value>0x3ad7</value>
         <object_component_ref idref="oc-af"/>
      </symbol>
      <symbol id="sm-3f4">
         <name>selectPinInterruptBothEdges</name>
         <value>0x532f</value>
         <object_component_ref idref="oc-da"/>
      </symbol>
      <symbol id="sm-3f5">
         <name>getPortValue</name>
         <value>0x551d</value>
         <object_component_ref idref="oc-da"/>
      </symbol>
      <symbol id="sm-3f6">
         <name>selectPinAnalogInput</name>
         <value>0x5013</value>
         <object_component_ref idref="oc-da"/>
      </symbol>
      <symbol id="sm-3f7">
         <name>selectPinPushPullOutput</name>
         <value>0x4f29</value>
         <object_component_ref idref="oc-da"/>
      </symbol>
      <symbol id="sm-3f8">
         <name>selectPinInterruptHighLevel</name>
         <value>0x5385</value>
         <object_component_ref idref="oc-da"/>
      </symbol>
      <symbol id="sm-3f9">
         <name>selectPinInterruptFallingEdge</name>
         <value>0x52df</value>
         <object_component_ref idref="oc-da"/>
      </symbol>
      <symbol id="sm-3fa">
         <name>selectPinOpenDrainOutput</name>
         <value>0x4f77</value>
         <object_component_ref idref="oc-da"/>
      </symbol>
      <symbol id="sm-3fb">
         <name>selectPinInterruptLowLevel</name>
         <value>0x53bf</value>
         <object_component_ref idref="oc-da"/>
      </symbol>
      <symbol id="sm-3fc">
         <name>setPortValue</name>
         <value>0x5499</value>
         <object_component_ref idref="oc-da"/>
      </symbol>
      <symbol id="sm-3fd">
         <name>enablePinInterrupt</name>
         <value>0x53f9</value>
         <object_component_ref idref="oc-da"/>
      </symbol>
      <symbol id="sm-3fe">
         <name>setPinAuxFunction</name>
         <value>0x517d</value>
         <object_component_ref idref="oc-da"/>
      </symbol>
      <symbol id="sm-3ff">
         <name>enablePort</name>
         <value>0x4ded</value>
         <object_component_ref idref="oc-da"/>
      </symbol>
      <symbol id="sm-400">
         <name>disablePinPulldown</name>
         <value>0x5155</value>
         <object_component_ref idref="oc-da"/>
      </symbol>
      <symbol id="sm-401">
         <name>setPinCommitControl</name>
         <value>0x5063</value>
         <object_component_ref idref="oc-da"/>
      </symbol>
      <symbol id="sm-402">
         <name>disablePort</name>
         <value>0x4ea9</value>
         <object_component_ref idref="oc-da"/>
      </symbol>
      <symbol id="sm-403">
         <name>disablePinInterrupt</name>
         <value>0x541d</value>
         <object_component_ref idref="oc-da"/>
      </symbol>
      <symbol id="sm-404">
         <name>enablePinPullup</name>
         <value>0x50df</value>
         <object_component_ref idref="oc-da"/>
      </symbol>
      <symbol id="sm-405">
         <name>getPinValue</name>
         <value>0x5467</value>
         <object_component_ref idref="oc-da"/>
      </symbol>
      <symbol id="sm-406">
         <name>enablePinPulldown</name>
         <value>0x5131</value>
         <object_component_ref idref="oc-da"/>
      </symbol>
      <symbol id="sm-407">
         <name>disablePinPullup</name>
         <value>0x510d</value>
         <object_component_ref idref="oc-da"/>
      </symbol>
      <symbol id="sm-408">
         <name>selectPinDigitalInput</name>
         <value>0x4fc5</value>
         <object_component_ref idref="oc-da"/>
      </symbol>
      <symbol id="sm-409">
         <name>selectPinInterruptRisingEdge</name>
         <value>0x528f</value>
         <object_component_ref idref="oc-da"/>
      </symbol>
      <symbol id="sm-40a">
         <name>setPinValue</name>
         <value>0x5441</value>
         <object_component_ref idref="oc-da"/>
      </symbol>
      <symbol id="sm-42b">
         <name>setSpi0Mode</name>
         <value>0x612b</value>
         <object_component_ref idref="oc-162"/>
      </symbol>
      <symbol id="sm-42c">
         <name>readSpi0Data</name>
         <value>0x6191</value>
         <object_component_ref idref="oc-162"/>
      </symbol>
      <symbol id="sm-42d">
         <name>writeSpi0Data</name>
         <value>0x6179</value>
         <object_component_ref idref="oc-162"/>
      </symbol>
      <symbol id="sm-42e">
         <name>initSpi0</name>
         <value>0x6059</value>
         <object_component_ref idref="oc-162"/>
      </symbol>
      <symbol id="sm-42f">
         <name>setSpi0BaudRate</name>
         <value>0x60f5</value>
         <object_component_ref idref="oc-162"/>
      </symbol>
      <symbol id="sm-470">
         <name>fn</name>
         <value>0x200010e4</value>
      </symbol>
      <symbol id="sm-471">
         <name>period</name>
         <value>0x2000110c</value>
      </symbol>
      <symbol id="sm-472">
         <name>ticks</name>
         <value>0x20001134</value>
      </symbol>
      <symbol id="sm-473">
         <name>reload</name>
         <value>0x20001168</value>
      </symbol>
      <symbol id="sm-474">
         <name>initTimer</name>
         <value>0x55ad</value>
         <object_component_ref idref="oc-2a"/>
      </symbol>
      <symbol id="sm-475">
         <name>stopTimer</name>
         <value>0x5759</value>
         <object_component_ref idref="oc-2a"/>
      </symbol>
      <symbol id="sm-476">
         <name>startOneshotTimer</name>
         <value>0x564d</value>
         <object_component_ref idref="oc-2a"/>
      </symbol>
      <symbol id="sm-477">
         <name>restartTimer</name>
         <value>0x57bf</value>
         <object_component_ref idref="oc-2a"/>
      </symbol>
      <symbol id="sm-478">
         <name>random32</name>
         <value>0x58a7</value>
         <object_component_ref idref="oc-2a"/>
      </symbol>
      <symbol id="sm-479">
         <name>tickIsr</name>
         <value>0x582d</value>
         <object_component_ref idref="oc-2a"/>
      </symbol>
      <symbol id="sm-47a">
         <name>startPeriodicTimer</name>
         <value>0x56d3</value>
         <object_component_ref idref="oc-2a"/>
      </symbol>
      <symbol id="sm-496">
         <name>ResetISR</name>
         <value>0x6f5b</value>
         <object_component_ref idref="oc-24"/>
      </symbol>
      <symbol id="sm-497">
         <name>g_pfnVectors</name>
         <value>0x0</value>
         <object_component_ref idref="oc-f"/>
      </symbol>
      <symbol id="sm-4c2">
         <name>getcUart0</name>
         <value>0x5fe5</value>
         <object_component_ref idref="oc-e6"/>
      </symbol>
      <symbol id="sm-4c3">
         <name>kbhitUart0</name>
         <value>0x5ff9</value>
         <object_component_ref idref="oc-e6"/>
      </symbol>
      <symbol id="sm-4c4">
         <name>setUart0BaudRate</name>
         <value>0x5f71</value>
         <object_component_ref idref="oc-e6"/>
      </symbol>
      <symbol id="sm-4c5">
         <name>putsUart0</name>
         <value>0x5fb9</value>
         <object_component_ref idref="oc-e6"/>
      </symbol>
      <symbol id="sm-4c6">
         <name>initUart0</name>
         <value>0x5edd</value>
         <object_component_ref idref="oc-e6"/>
      </symbol>
      <symbol id="sm-4c7">
         <name>putcUart0</name>
         <value>0x5f9d</value>
         <object_component_ref idref="oc-e6"/>
      </symbol>
      <symbol id="sm-4d5">
         <name>waitMicrosecond</name>
         <value>0x6e6b</value>
         <object_component_ref idref="oc-f5"/>
      </symbol>
      <symbol id="sm-4fc">
         <name>sprintf</name>
         <value>0x6d89</value>
         <object_component_ref idref="oc-ec"/>
      </symbol>
      <symbol id="sm-517">
         <name>memcpy</name>
         <value>0x680f</value>
         <object_component_ref idref="oc-3e"/>
      </symbol>
      <symbol id="sm-518">
         <name>__aeabi_memcpy</name>
         <value>0x680f</value>
         <object_component_ref idref="oc-3e"/>
      </symbol>
      <symbol id="sm-519">
         <name>__aeabi_memcpy8</name>
         <value>0x680f</value>
         <object_component_ref idref="oc-3e"/>
      </symbol>
      <symbol id="sm-51a">
         <name>__aeabi_memcpy4</name>
         <value>0x680f</value>
         <object_component_ref idref="oc-3e"/>
      </symbol>
      <symbol id="sm-533">
         <name>__TI_zero_init_nomemset</name>
         <value>0x6e8f</value>
         <object_component_ref idref="oc-4a"/>
      </symbol>
      <symbol id="sm-54a">
         <name>__TI_decompress_none</name>
         <value>0x6f4d</value>
         <object_component_ref idref="oc-18"/>
      </symbol>
      <symbol id="sm-56d">
         <name>__TI_decompress_lzss</name>
         <value>0x6b35</value>
         <object_component_ref idref="oc-12"/>
      </symbol>
      <symbol id="sm-57c">
         <name>strcmp</name>
         <value>0x6ef9</value>
         <object_component_ref idref="oc-105"/>
      </symbol>
      <symbol id="sm-58f">
         <name>__stack</name>
         <value>0x20000000</value>
         <object_component_ref idref="oc-21"/>
      </symbol>
      <symbol id="sm-590">
         <name>_c_int00_noargs</name>
         <value>0x6e09</value>
         <object_component_ref idref="oc-5c"/>
      </symbol>
      <symbol id="sm-6f5">
         <name>__TI_printfi</name>
         <value>0x439d</value>
         <object_component_ref idref="oc-176"/>
      </symbol>
      <symbol id="sm-715">
         <name>frexpl</name>
         <value>0x6b9d</value>
         <object_component_ref idref="oc-282"/>
      </symbol>
      <symbol id="sm-716">
         <name>frexp</name>
         <value>0x6b9d</value>
         <object_component_ref idref="oc-282"/>
      </symbol>
      <symbol id="sm-733">
         <name>scalbn</name>
         <value>0x6551</value>
         <object_component_ref idref="oc-288"/>
      </symbol>
      <symbol id="sm-734">
         <name>scalbnl</name>
         <value>0x6551</value>
         <object_component_ref idref="oc-288"/>
      </symbol>
      <symbol id="sm-735">
         <name>ldexpl</name>
         <value>0x6551</value>
         <object_component_ref idref="oc-288"/>
      </symbol>
      <symbol id="sm-736">
         <name>ldexp</name>
         <value>0x6551</value>
         <object_component_ref idref="oc-288"/>
      </symbol>
      <symbol id="sm-743">
         <name>__aeabi_uldivmod</name>
         <value>0x68ab</value>
         <object_component_ref idref="oc-23c"/>
      </symbol>
      <symbol id="sm-752">
         <name>__aeabi_memset</name>
         <value>0x6a4f</value>
         <object_component_ref idref="oc-a3"/>
      </symbol>
      <symbol id="sm-753">
         <name>memset</name>
         <value>0x6a55</value>
         <object_component_ref idref="oc-a3"/>
      </symbol>
      <symbol id="sm-754">
         <name>__aeabi_memset8</name>
         <value>0x6a4f</value>
         <object_component_ref idref="oc-a3"/>
      </symbol>
      <symbol id="sm-755">
         <name>__aeabi_memset4</name>
         <value>0x6a4f</value>
         <object_component_ref idref="oc-a3"/>
      </symbol>
      <symbol id="sm-756">
         <name>__aeabi_memclr8</name>
         <value>0x6a4d</value>
         <object_component_ref idref="oc-a3"/>
      </symbol>
      <symbol id="sm-757">
         <name>__aeabi_memclr4</name>
         <value>0x6a4d</value>
         <object_component_ref idref="oc-a3"/>
      </symbol>
      <symbol id="sm-758">
         <name>__aeabi_memclr</name>
         <value>0x6a4d</value>
         <object_component_ref idref="oc-a3"/>
      </symbol>
      <symbol id="sm-76f">
         <name>__aeabi_dsub</name>
         <value>0x5d25</value>
         <object_component_ref idref="oc-262"/>
      </symbol>
      <symbol id="sm-770">
         <name>__aeabi_dadd</name>
         <value>0x5d2f</value>
         <object_component_ref idref="oc-262"/>
      </symbol>
      <symbol id="sm-792">
         <name>__aeabi_cdcmpeq</name>
         <value>0x6941</value>
         <object_component_ref idref="oc-1d8"/>
      </symbol>
      <symbol id="sm-793">
         <name>__aeabi_cdcmple</name>
         <value>0x6941</value>
         <object_component_ref idref="oc-1d8"/>
      </symbol>
      <symbol id="sm-794">
         <name>__aeabi_cdrcmple</name>
         <value>0x69c7</value>
         <object_component_ref idref="oc-24d"/>
      </symbol>
      <symbol id="sm-7a8">
         <name>__aeabi_ddiv</name>
         <value>0x62f5</value>
         <object_component_ref idref="oc-248"/>
      </symbol>
      <symbol id="sm-7b3">
         <name>__aeabi_dmul</name>
         <value>0x6661</value>
         <object_component_ref idref="oc-243"/>
      </symbol>
      <symbol id="sm-7bd">
         <name>__aeabi_d2iz</name>
         <value>0x6cfd</value>
         <object_component_ref idref="oc-252"/>
      </symbol>
      <symbol id="sm-7c7">
         <name>__aeabi_i2d</name>
         <value>0x6e3d</value>
         <object_component_ref idref="oc-25d"/>
      </symbol>
      <symbol id="sm-7ef">
         <name>__TI_auto_init_nobinit_nopinit</name>
         <value>0x6d45</value>
         <object_component_ref idref="oc-11d"/>
      </symbol>
      <symbol id="sm-7f9">
         <name>_system_pre_init</name>
         <value>0x6f79</value>
         <object_component_ref idref="oc-a9"/>
      </symbol>
      <symbol id="sm-805">
         <name>C$$EXIT</name>
         <value>0x6f7d</value>
         <object_component_ref idref="oc-111"/>
      </symbol>
      <symbol id="sm-806">
         <name>abort</name>
         <value>0x6f7d</value>
         <object_component_ref idref="oc-111"/>
      </symbol>
      <symbol id="sm-817">
         <name>ltoa</name>
         <value>0x6c57</value>
         <object_component_ref idref="oc-257"/>
      </symbol>
      <symbol id="sm-827">
         <name>memccpy</name>
         <value>0x6eab</value>
         <object_component_ref idref="oc-1f5"/>
      </symbol>
      <symbol id="sm-837">
         <name>strchr</name>
         <value>0x6f11</value>
         <object_component_ref idref="oc-28e"/>
      </symbol>
      <symbol id="sm-845">
         <name>strlen</name>
         <value>0x6f27</value>
         <object_component_ref idref="oc-1cc"/>
      </symbol>
      <symbol id="sm-85b">
         <name>__aeabi_errno_addr</name>
         <value>0x6f71</value>
         <object_component_ref idref="oc-201"/>
      </symbol>
      <symbol id="sm-85c">
         <name>errno</name>
         <value>0x20001194</value>
         <object_component_ref idref="oc-29e"/>
      </symbol>
      <symbol id="sm-875">
         <name>wcslen</name>
         <value>0x6f3b</value>
         <object_component_ref idref="oc-1fb"/>
      </symbol>
      <symbol id="sm-87f">
         <name>copysign</name>
         <value>0x6ec7</value>
         <object_component_ref idref="oc-2de"/>
      </symbol>
      <symbol id="sm-880">
         <name>copysignl</name>
         <value>0x6ec7</value>
         <object_component_ref idref="oc-2de"/>
      </symbol>
      <symbol id="sm-88a">
         <name>__aeabi_idiv0</name>
         <value>0x4deb</value>
         <object_component_ref idref="oc-2c5"/>
      </symbol>
      <symbol id="sm-88b">
         <name>__aeabi_ldiv0</name>
         <value>0x4deb</value>
         <object_component_ref idref="oc-2c5"/>
      </symbol>
      <symbol id="sm-88c">
         <name>__TI_static_base__</name>
         <value>0x0</value>
      </symbol>
      <symbol id="sm-88f">
         <name>__mpu_init</name>
         <value>0x0</value>
      </symbol>
      <symbol id="sm-890">
         <name>_system_post_cinit</name>
         <value>0x0</value>
      </symbol>
   </symbol_table>
   <title>Link successful</title>
</link_info>
